Archive member included to satisfy reference by file (symbol)

/usr/lib/gcc/arm-none-eabi/12.2.0/thumb/v6-m/nofp/libgcc.a(_dvmd_tls.o)
                              CMakeFiles/can_rx_pico.dir/home/kedar/Programs/pico/pico-sdk/src/rp2_common/pico_divider/divider.S.obj (__aeabi_idiv0)
/usr/lib/gcc/arm-none-eabi/12.2.0/../../../../arm-none-eabi/lib/thumb/v6-m/nofp/libc.a(lib_a-atexit.o)
                              /usr/lib/gcc/arm-none-eabi/12.2.0/../../../../arm-none-eabi/lib/thumb/v6-m/nofp/crt0.o (atexit)
/usr/lib/gcc/arm-none-eabi/12.2.0/../../../../arm-none-eabi/lib/thumb/v6-m/nofp/libc.a(lib_a-calloc.o)
                              CMakeFiles/can_rx_pico.dir/home/kedar/Programs/pico/pico-sdk/src/rp2_common/pico_malloc/pico_malloc.c.obj (calloc)
/usr/lib/gcc/arm-none-eabi/12.2.0/../../../../arm-none-eabi/lib/thumb/v6-m/nofp/libc.a(lib_a-callocr.o)
                              /usr/lib/gcc/arm-none-eabi/12.2.0/../../../../arm-none-eabi/lib/thumb/v6-m/nofp/libc.a(lib_a-calloc.o) (_calloc_r)
/usr/lib/gcc/arm-none-eabi/12.2.0/../../../../arm-none-eabi/lib/thumb/v6-m/nofp/libc.a(lib_a-errno.o)
                              /usr/lib/gcc/arm-none-eabi/12.2.0/../../../../arm-none-eabi/lib/thumb/v6-m/nofp/libc.a(lib_a-callocr.o) (__errno)
/usr/lib/gcc/arm-none-eabi/12.2.0/../../../../arm-none-eabi/lib/thumb/v6-m/nofp/libc.a(lib_a-fini.o)
                              /usr/lib/gcc/arm-none-eabi/12.2.0/../../../../arm-none-eabi/lib/thumb/v6-m/nofp/crt0.o (__libc_fini_array)
/usr/lib/gcc/arm-none-eabi/12.2.0/../../../../arm-none-eabi/lib/thumb/v6-m/nofp/libc.a(lib_a-impure.o)
                              /usr/lib/gcc/arm-none-eabi/12.2.0/../../../../arm-none-eabi/lib/thumb/v6-m/nofp/libc.a(lib_a-calloc.o) (_impure_ptr)
/usr/lib/gcc/arm-none-eabi/12.2.0/../../../../arm-none-eabi/lib/thumb/v6-m/nofp/libc.a(lib_a-init.o)
                              /usr/lib/gcc/arm-none-eabi/12.2.0/../../../../arm-none-eabi/lib/thumb/v6-m/nofp/crt0.o (__libc_init_array)
/usr/lib/gcc/arm-none-eabi/12.2.0/../../../../arm-none-eabi/lib/thumb/v6-m/nofp/libc.a(lib_a-malloc.o)
                              CMakeFiles/can_rx_pico.dir/home/kedar/Programs/pico/pico-sdk/src/rp2_common/pico_malloc/pico_malloc.c.obj (malloc)
/usr/lib/gcc/arm-none-eabi/12.2.0/../../../../arm-none-eabi/lib/thumb/v6-m/nofp/libc.a(lib_a-mallocr.o)
                              /usr/lib/gcc/arm-none-eabi/12.2.0/../../../../arm-none-eabi/lib/thumb/v6-m/nofp/libc.a(lib_a-callocr.o) (_malloc_r)
/usr/lib/gcc/arm-none-eabi/12.2.0/../../../../arm-none-eabi/lib/thumb/v6-m/nofp/libc.a(lib_a-mlock.o)
                              /usr/lib/gcc/arm-none-eabi/12.2.0/../../../../arm-none-eabi/lib/thumb/v6-m/nofp/libc.a(lib_a-mallocr.o) (__malloc_lock)
/usr/lib/gcc/arm-none-eabi/12.2.0/../../../../arm-none-eabi/lib/thumb/v6-m/nofp/libc.a(lib_a-realloc.o)
                              CMakeFiles/can_rx_pico.dir/home/kedar/Programs/pico/pico-sdk/src/rp2_common/pico_malloc/pico_malloc.c.obj (realloc)
/usr/lib/gcc/arm-none-eabi/12.2.0/../../../../arm-none-eabi/lib/thumb/v6-m/nofp/libc.a(lib_a-reallocr.o)
                              /usr/lib/gcc/arm-none-eabi/12.2.0/../../../../arm-none-eabi/lib/thumb/v6-m/nofp/libc.a(lib_a-realloc.o) (_realloc_r)
/usr/lib/gcc/arm-none-eabi/12.2.0/../../../../arm-none-eabi/lib/thumb/v6-m/nofp/libc.a(lib_a-sbrkr.o)
                              /usr/lib/gcc/arm-none-eabi/12.2.0/../../../../arm-none-eabi/lib/thumb/v6-m/nofp/libc.a(lib_a-mallocr.o) (_sbrk_r)
/usr/lib/gcc/arm-none-eabi/12.2.0/../../../../arm-none-eabi/lib/thumb/v6-m/nofp/libc.a(lib_a-strlen-stub.o)
                              CMakeFiles/can_rx_pico.dir/home/kedar/Programs/pico/pico-sdk/src/rp2_common/pico_stdio/stdio.c.obj (strlen)
/usr/lib/gcc/arm-none-eabi/12.2.0/../../../../arm-none-eabi/lib/thumb/v6-m/nofp/libc.a(lib_a-__atexit.o)
                              /usr/lib/gcc/arm-none-eabi/12.2.0/../../../../arm-none-eabi/lib/thumb/v6-m/nofp/libc.a(lib_a-atexit.o) (__register_exitproc)
/usr/lib/gcc/arm-none-eabi/12.2.0/../../../../arm-none-eabi/lib/thumb/v6-m/nofp/libc.a(lib_a-__call_atexit.o)
                              /usr/lib/gcc/arm-none-eabi/12.2.0/../../../../arm-none-eabi/lib/thumb/v6-m/nofp/libc.a(lib_a-__atexit.o) (__atexit_recursive_mutex)
/usr/lib/gcc/arm-none-eabi/12.2.0/../../../../arm-none-eabi/lib/thumb/v6-m/nofp/libc.a(lib_a-freer.o)
                              /usr/lib/gcc/arm-none-eabi/12.2.0/../../../../arm-none-eabi/lib/thumb/v6-m/nofp/libc.a(lib_a-malloc.o) (_free_r)
/usr/lib/gcc/arm-none-eabi/12.2.0/../../../../arm-none-eabi/lib/thumb/v6-m/nofp/libc.a(lib_a-lock.o)
                              /usr/lib/gcc/arm-none-eabi/12.2.0/../../../../arm-none-eabi/lib/thumb/v6-m/nofp/libc.a(lib_a-mlock.o) (__retarget_lock_acquire_recursive)
/usr/lib/gcc/arm-none-eabi/12.2.0/../../../../arm-none-eabi/lib/thumb/v6-m/nofp/libc.a(lib_a-memmove.o)
[...]
Memory Configuration

Name             Origin             Length             Attributes
FLASH            0x0000000010000000 0x0000000000200000 xr
RAM              0x0000000020000000 0x0000000000040000 xrw
SCRATCH_X        0x0000000020040000 0x0000000000001000 xrw
SCRATCH_Y        0x0000000020041000 0x0000000000001000 xrw
*default*        0x0000000000000000 0xffffffffffffffff

Linker script and memory map

LOAD /usr/lib/gcc/arm-none-eabi/12.2.0/thumb/v6-m/nofp/crti.o
LOAD /usr/lib/gcc/arm-none-eabi/12.2.0/thumb/v6-m/nofp/crtbegin.o
LOAD /usr/lib/gcc/arm-none-eabi/12.2.0/../../../../arm-none-eabi/lib/thumb/v6-m/nofp/crt0.o

.flash_begin    0x0000000010000000        0x0
                0x0000000010000000                __flash_binary_start = .

.boot2          0x0000000010000000      0x100
                0x0000000010000000                __boot2_start__ = .
 *(.boot2)
 .boot2         0x0000000010000000      0x100 /tmp/ccbHfy9i.o
                0x0000000010000100                __boot2_end__ = .
                0x0000000000000001                ASSERT (((__boot2_end__ - __boot2_start__) == 0x100), ERROR: Pico second stage bootloader must be 256 bytes in size)

.text           0x0000000010000100     0x72d8
                0x0000000010000100                __logical_binary_start = .
 *(.vectors)
 .vectors       0x0000000010000100       0xd4 CMakeFiles/can_rx_pico.dir/home/kedar/Programs/pico/pico-sdk/src/rp2_common/pico_standard_link/crt0.S.obj
                0x0000000010000100                __vectors
                0x0000000010000100                __VECTOR_TABLE
                0x00000000100001c0                isr_invalid
                0x00000000100001c0                __default_isrs_start
                0x00000000100001c2                isr_nmi
                0x00000000100001c4                isr_hardfault
                0x00000000100001c6                isr_svcall
                0x00000000100001c8                isr_pendsv
                0x00000000100001ca                isr_systick
                0x00000000100001cc                isr_irq30
                0x00000000100001cc                __unhandled_user_irq
                0x00000000100001cc                isr_irq13
                0x00000000100001cc                isr_irq27
                0x00000000100001cc                isr_irq31
                0x00000000100001cc                isr_irq5
                0x00000000100001cc                isr_irq11
                0x00000000100001cc                isr_irq23
                0x00000000100001cc                isr_irq18
                0x00000000100001cc                isr_irq28
                0x00000000100001cc                isr_irq19
                0x00000000100001cc                isr_irq0
                0x00000000100001cc                isr_irq6
                0x00000000100001cc                isr_irq22
                0x00000000100001cc                isr_irq17
                0x00000000100001cc                isr_irq14
                0x00000000100001cc                isr_irq2
                0x00000000100001cc                isr_irq10
                0x00000000100001cc                isr_irq8
                0x00000000100001cc                isr_irq24
                0x00000000100001cc                isr_irq1
                0x00000000100001cc                isr_irq7
                0x00000000100001cc                isr_irq21
                0x00000000100001cc                isr_irq20
                0x00000000100001cc                isr_irq15
                0x00000000100001cc                isr_irq25
                0x00000000100001cc                isr_irq4
                0x00000000100001cc                isr_irq16
                0x00000000100001cc                isr_irq29
                0x00000000100001cc                isr_irq26
                0x00000000100001cc                __default_isrs_end
                0x00000000100001cc                isr_irq3
                0x00000000100001cc                isr_irq12
                0x00000000100001cc                isr_irq9
                0x00000000100001d2                unhandled_user_irq_num_in_r0
 *(.binary_info_header)
 .binary_info_header
                0x00000000100001d4       0x14 CMakeFiles/can_rx_pico.dir/home/kedar/Programs/pico/pico-sdk/src/rp2_common/pico_standard_link/crt0.S.obj
                0x00000000100001e8                __binary_info_header_end = .
 *(.reset)
 .reset         0x00000000100001e8       0xa8 CMakeFiles/can_rx_pico.dir/home/kedar/Programs/pico/pico-sdk/src/rp2_common/pico_standard_link/crt0.S.obj
                0x00000000100001e8                _entry_point
                0x0000000010000266                __get_current_exception
 .reset         0x0000000010000290       0x30 CMakeFiles/can_rx_pico.dir/home/kedar/Programs/pico/pico-sdk/src/rp2_common/pico_standard_link/binary_info.c.obj
 *(.init)
 .init          0x00000000100002c0        0x4 /usr/lib/gcc/arm-none-eabi/12.2.0/thumb/v6-m/nofp/crti.o
                0x00000000100002c0                _init
 *(EXCLUDE_FILE(*libm.a: *libc.a:*lib_a-mem*.o *libgcc.a:) .text*)
 .text.frame_dummy
                0x00000000100002c4       0x20 /usr/lib/gcc/arm-none-eabi/12.2.0/thumb/v6-m/nofp/crtbegin.o
 .text.startup.main
                0x00000000100002e4      0x108 CMakeFiles/can_rx_pico.dir/can_rx.c.obj
                0x00000000100002e4                main
 .text.gpio_set_function
                0x00000000100003ec       0x30 CMakeFiles/can_rx_pico.dir/home/kedar/Programs/pico/pico-sdk/src/rp2_common/hardware_gpio/gpio.c.obj
                0x00000000100003ec                gpio_set_function
 .text.hw_claim_lock
                0x000000001000041c       0x18 CMakeFiles/can_rx_pico.dir/home/kedar/Programs/pico/pico-sdk/src/rp2_common/hardware_claim/claim.c.obj
                0x000000001000041c                hw_claim_lock
 .text.hw_claim_unlock
                0x0000000010000434       0x14 CMakeFiles/can_rx_pico.dir/home/kedar/Programs/pico/pico-sdk/src/rp2_common/hardware_claim/claim.c.obj
                0x0000000010000434                hw_claim_unlock
 .text.hw_claim_or_assert
                0x0000000010000448       0x44 CMakeFiles/can_rx_pico.dir/home/kedar/Programs/pico/pico-sdk/src/rp2_common/hardware_claim/claim.c.obj
                0x0000000010000448                hw_claim_or_assert
 .text.hw_claim_unused_from_range
                0x000000001000048c       0x9c CMakeFiles/can_rx_pico.dir/home/kedar/Programs/pico/pico-sdk/src/rp2_common/hardware_claim/claim.c.obj
                0x000000001000048c                hw_claim_unused_from_range
 .text.running_on_fpga
                0x0000000010000528       0x10 CMakeFiles/can_rx_pico.dir/home/kedar/Programs/pico/pico-sdk/src/rp2_common/pico_platform/platform.c.obj
                0x0000000010000528                running_on_fpga
 .text.spin_locks_reset
                0x0000000010000538       0x1c CMakeFiles/can_rx_pico.dir/home/kedar/Programs/pico/pico-sdk/src/rp2_common/hardware_sync/sync.c.obj
                0x0000000010000538                spin_locks_reset
 .text.next_striped_spin_lock_num
                0x0000000010000554       0x18 CMakeFiles/can_rx_pico.dir/home/kedar/Programs/pico/pico-sdk/src/rp2_common/hardware_sync/sync.c.obj
                0x0000000010000554                next_striped_spin_lock_num
 .text.spin_lock_claim_unused
                0x000000001000056c       0x24 CMakeFiles/can_rx_pico.dir/home/kedar/Programs/pico/pico-sdk/src/rp2_common/hardware_sync/sync.c.obj
                0x000000001000056c                spin_lock_claim_unused
 .text.irq_set_enabled
                0x0000000010000590       0x24 CMakeFiles/can_rx_pico.dir/home/kedar/Programs/pico/pico-sdk/src/rp2_common/hardware_irq/irq.c.obj
                0x0000000010000590                irq_set_enabled
 .text.irq_set_pending
                0x00000000100005b4       0x10 CMakeFiles/can_rx_pico.dir/home/kedar/Programs/pico/pico-sdk/src/rp2_common/hardware_irq/irq.c.obj
                0x00000000100005b4                irq_set_pending
 .text.irq_has_shared_handler
                0x00000000100005c4       0x2c CMakeFiles/can_rx_pico.dir/home/kedar/Programs/pico/pico-sdk/src/rp2_common/hardware_irq/irq.c.obj
                0x00000000100005c4                irq_has_shared_handler
 .text.irq_get_vtable_handler
                0x00000000100005f0       0x10 CMakeFiles/can_rx_pico.dir/home/kedar/Programs/pico/pico-sdk/src/rp2_common/hardware_irq/irq.c.obj
                0x00000000100005f0                irq_get_vtable_handler
 .text.irq_set_exclusive_handler
                0x0000000010000600       0x54 CMakeFiles/can_rx_pico.dir/home/kedar/Programs/pico/pico-sdk/src/rp2_common/hardware_irq/irq.c.obj
                0x0000000010000600                irq_set_exclusive_handler
 .text.irq_add_shared_handler
                0x0000000010000654      0x1e0 CMakeFiles/can_rx_pico.dir/home/kedar/Programs/pico/pico-sdk/src/rp2_common/hardware_irq/irq.c.obj
                0x0000000010000654                irq_add_shared_handler
 .text.irq_remove_handler
                0x0000000010000834      0x1cc CMakeFiles/can_rx_pico.dir/home/kedar/Programs/pico/pico-sdk/src/rp2_common/hardware_irq/irq.c.obj
                0x0000000010000834                irq_remove_handler
 .text.irq_add_tail_to_free_list
                0x0000000010000a00       0xb4 CMakeFiles/can_rx_pico.dir/home/kedar/Programs/pico/pico-sdk/src/rp2_common/hardware_irq/irq.c.obj
                0x0000000010000a00                irq_add_tail_to_free_list
 .text.irq_init_priorities
                0x0000000010000ab4       0x24 CMakeFiles/can_rx_pico.dir/home/kedar/Programs/pico/pico-sdk/src/rp2_common/hardware_irq/irq.c.obj
                0x0000000010000ab4                irq_init_priorities
 .text.user_irq_claim_unused
                0x0000000010000ad8       0x30 CMakeFiles/can_rx_pico.dir/home/kedar/Programs/pico/pico-sdk/src/rp2_common/hardware_irq/irq.c.obj
                0x0000000010000ad8                user_irq_claim_unused
 .text.lock_init
                0x0000000010000b08       0x10 CMakeFiles/can_rx_pico.dir/home/kedar/Programs/pico/pico-sdk/src/common/pico_sync/lock_core.c.obj
                0x0000000010000b08                lock_init
 .text.timer_pool_entry_comparator
                0x0000000010000b18       0x34 CMakeFiles/can_rx_pico.dir/home/kedar/Programs/pico/pico-sdk/src/common/pico_time/time.c.obj
                0x0000000010000b18                timer_pool_entry_comparator
 .text.sleep_until_callback
                0x0000000010000b4c       0x30 CMakeFiles/can_rx_pico.dir/home/kedar/Programs/pico/pico-sdk/src/common/pico_time/time.c.obj
 .text.add_alarm_under_lock.isra.0
                0x0000000010000b7c       0xf8 CMakeFiles/can_rx_pico.dir/home/kedar/Programs/pico/pico-sdk/src/common/pico_time/time.c.obj
 .text.alarm_pool_alarm_callback
                0x0000000010000c74      0x1c4 CMakeFiles/can_rx_pico.dir/home/kedar/Programs/pico/pico-sdk/src/common/pico_time/time.c.obj
 .text.alarm_pool_add_alarm_at.constprop.0
                0x0000000010000e38      0x114 CMakeFiles/can_rx_pico.dir/home/kedar/Programs/pico/pico-sdk/src/common/pico_time/time.c.obj
 .text.alarm_pool_init_default
                0x0000000010000f4c       0x64 CMakeFiles/can_rx_pico.dir/home/kedar/Programs/pico/pico-sdk/src/common/pico_time/time.c.obj
                0x0000000010000f4c                alarm_pool_init_default
 .text.alarm_pool_get_default
                0x0000000010000fb0        0x8 CMakeFiles/can_rx_pico.dir/home/kedar/Programs/pico/pico-sdk/src/common/pico_time/time.c.obj
                0x0000000010000fb0                alarm_pool_get_default
 .text.alarm_pool_add_alarm_at
                0x0000000010000fb8      0x194 CMakeFiles/can_rx_pico.dir/home/kedar/Programs/pico/pico-sdk/src/common/pico_time/time.c.obj
                0x0000000010000fb8                alarm_pool_add_alarm_at
 .text.best_effort_wfe_or_timeout
                0x000000001000114c       0xb0 CMakeFiles/can_rx_pico.dir/home/kedar/Programs/pico/pico-sdk/src/common/pico_time/time.c.obj
                0x000000001000114c                best_effort_wfe_or_timeout
 .text.hardware_alarm_irq_handler
                0x00000000100011fc       0xb8 CMakeFiles/can_rx_pico.dir/home/kedar/Programs/pico/pico-sdk/src/rp2_common/hardware_timer/timer.c.obj
 .text.hardware_alarm_claim
                0x00000000100012b4       0x18 CMakeFiles/can_rx_pico.dir/home/kedar/Programs/pico/pico-sdk/src/rp2_common/hardware_timer/timer.c.obj
                0x00000000100012b4                hardware_alarm_claim
 .text.time_us_64
                0x00000000100012cc       0x14 CMakeFiles/can_rx_pico.dir/home/kedar/Programs/pico/pico-sdk/src/rp2_common/hardware_timer/timer.c.obj
                0x00000000100012cc                time_us_64
 .text.hardware_alarm_set_callback
                0x00000000100012e0       0x8c CMakeFiles/can_rx_pico.dir/home/kedar/Programs/pico/pico-sdk/src/rp2_common/hardware_timer/timer.c.obj
                0x00000000100012e0                hardware_alarm_set_callback
 .text.hardware_alarm_set_target
                0x000000001000136c       0xdc CMakeFiles/can_rx_pico.dir/home/kedar/Programs/pico/pico-sdk/src/rp2_common/hardware_timer/timer.c.obj
                0x000000001000136c                hardware_alarm_set_target
 .text.hardware_alarm_cancel
                0x0000000010001448       0x3c CMakeFiles/can_rx_pico.dir/home/kedar/Programs/pico/pico-sdk/src/rp2_common/hardware_timer/timer.c.obj
                0x0000000010001448                hardware_alarm_cancel
 .text.ph_merge_nodes
                0x0000000010001484       0x58 CMakeFiles/can_rx_pico.dir/home/kedar/Programs/pico/pico-sdk/src/common/pico_util/pheap.c.obj
 .text.ph_post_alloc_init
                0x00000000100014dc       0x3c CMakeFiles/can_rx_pico.dir/home/kedar/Programs/pico/pico-sdk/src/common/pico_util/pheap.c.obj
                0x00000000100014dc                ph_post_alloc_init
 .text.ph_merge_two_pass
                0x0000000010001518       0x8c CMakeFiles/can_rx_pico.dir/home/kedar/Programs/pico/pico-sdk/src/common/pico_util/pheap.c.obj
                0x0000000010001518                ph_merge_two_pass
 .text.ph_remove_any_head
                0x00000000100015a4      0x12c CMakeFiles/can_rx_pico.dir/home/kedar/Programs/pico/pico-sdk/src/common/pico_util/pheap.c.obj
 .text.ph_remove_head
                0x00000000100016d0      0x130 CMakeFiles/can_rx_pico.dir/home/kedar/Programs/pico/pico-sdk/src/common/pico_util/pheap.c.obj
                0x00000000100016d0                ph_remove_head
 .text.ph_remove_and_free_node
                0x0000000010001800       0x78 CMakeFiles/can_rx_pico.dir/home/kedar/Programs/pico/pico-sdk/src/common/pico_util/pheap.c.obj
                0x0000000010001800                ph_remove_and_free_node
 .text.mutex_init
                0x0000000010001878       0x1c CMakeFiles/can_rx_pico.dir/home/kedar/Programs/pico/pico-sdk/src/common/pico_sync/mutex.c.obj
                0x0000000010001878                mutex_init
 .text.recursive_mutex_init
                0x0000000010001894       0x1c CMakeFiles/can_rx_pico.dir/home/kedar/Programs/pico/pico-sdk/src/common/pico_sync/mutex.c.obj
                0x0000000010001894                recursive_mutex_init
 .text.critical_section_init
                0x00000000100018b0       0x1c CMakeFiles/can_rx_pico.dir/home/kedar/Programs/pico/pico-sdk/src/common/pico_sync/critical_section.c.obj
                0x00000000100018b0                critical_section_init
 .text.runtime_init
                0x00000000100018cc       0xec CMakeFiles/can_rx_pico.dir/home/kedar/Programs/pico/pico-sdk/src/rp2_common/pico_runtime/runtime.c.obj
                0x00000000100018cc                runtime_init
 .text.exit     0x00000000100019b8        0x4 CMakeFiles/can_rx_pico.dir/home/kedar/Programs/pico/pico-sdk/src/rp2_common/pico_runtime/runtime.c.obj
                0x00000000100019b8                exit
 .text.panic    0x00000000100019bc       0x30 CMakeFiles/can_rx_pico.dir/home/kedar/Programs/pico/pico-sdk/src/rp2_common/pico_runtime/runtime.c.obj
                0x00000000100019bc                panic
 .text.hard_assertion_failure
                0x00000000100019ec        0xc CMakeFiles/can_rx_pico.dir/home/kedar/Programs/pico/pico-sdk/src/rp2_common/pico_runtime/runtime.c.obj
                0x00000000100019ec                hard_assertion_failure
 .text.clocks_init
                0x00000000100019f8      0x2b4 CMakeFiles/can_rx_pico.dir/home/kedar/Programs/pico/pico-sdk/src/rp2_common/hardware_clocks/clocks.c.obj
                0x00000000100019f8                clocks_init
 .text.pll_init
                0x0000000010001cac       0xa8 CMakeFiles/can_rx_pico.dir/home/kedar/Programs/pico/pico-sdk/src/rp2_common/hardware_pll/pll.c.obj
                0x0000000010001cac                pll_init
 .text.watchdog_start_tick
                0x0000000010001d54       0x10 CMakeFiles/can_rx_pico.dir/home/kedar/Programs/pico/pico-sdk/src/rp2_common/hardware_watchdog/watchdog.c.obj
                0x0000000010001d54                watchdog_start_tick
 .text.watchdog_reboot
                0x0000000010001d64       0x9c CMakeFiles/can_rx_pico.dir/home/kedar/Programs/pico/pico-sdk/src/rp2_common/hardware_watchdog/watchdog.c.obj
                0x0000000010001d64                watchdog_reboot
 .text.xosc_init
                0x0000000010001e00       0x28 CMakeFiles/can_rx_pico.dir/home/kedar/Programs/pico/pico-sdk/src/rp2_common/hardware_xosc/xosc.c.obj
                0x0000000010001e00                xosc_init
 .text._out_null
                0x0000000010001e28        0x4 CMakeFiles/can_rx_pico.dir/home/kedar/Programs/pico/pico-sdk/src/rp2_common/pico_printf/printf.c.obj
 .text._out_rev
                0x0000000010001e2c       0x90 CMakeFiles/can_rx_pico.dir/home/kedar/Programs/pico/pico-sdk/src/rp2_common/pico_printf/printf.c.obj
 .text._ntoa_format
                0x0000000010001ebc      0x208 CMakeFiles/can_rx_pico.dir/home/kedar/Programs/pico/pico-sdk/src/rp2_common/pico_printf/printf.c.obj
 .text._out_char
                0x00000000100020c4       0x10 CMakeFiles/can_rx_pico.dir/home/kedar/Programs/pico/pico-sdk/src/rp2_common/pico_printf/printf.c.obj
 .text._out_fct
                0x00000000100020d4       0x10 CMakeFiles/can_rx_pico.dir/home/kedar/Programs/pico/pico-sdk/src/rp2_common/pico_printf/printf.c.obj
 .text._etoa    0x00000000100020e4      0x464 CMakeFiles/can_rx_pico.dir/home/kedar/Programs/pico/pico-sdk/src/rp2_common/pico_printf/printf.c.obj
 .text._ftoa    0x0000000010002548      0x3c4 CMakeFiles/can_rx_pico.dir/home/kedar/Programs/pico/pico-sdk/src/rp2_common/pico_printf/printf.c.obj
 .text._vsnprintf
                0x000000001000290c      0xc18 CMakeFiles/can_rx_pico.dir/home/kedar/Programs/pico/pico-sdk/src/rp2_common/pico_printf/printf.c.obj
 .text.vfctprintf
                0x0000000010003524       0x20 CMakeFiles/can_rx_pico.dir/home/kedar/Programs/pico/pico-sdk/src/rp2_common/pico_printf/printf.c.obj
                0x0000000010003524                vfctprintf
 .text.weak_raw_vprintf
                0x0000000010003544       0x30 CMakeFiles/can_rx_pico.dir/home/kedar/Programs/pico/pico-sdk/src/rp2_common/pico_printf/printf.c.obj
                0x0000000010003544                weak_raw_vprintf
 .text          0x0000000010003574       0x10 CMakeFiles/can_rx_pico.dir/home/kedar/Programs/pico/pico-sdk/src/rp2_common/pico_bit_ops/bit_ops_aeabi.S.obj
 .text.rom_func_lookup
                0x0000000010003584       0x10 CMakeFiles/can_rx_pico.dir/home/kedar/Programs/pico/pico-sdk/src/rp2_common/pico_bootrom/bootrom.c.obj
                0x0000000010003584                rom_func_lookup
 .text.rom_data_lookup
                0x0000000010003594       0x10 CMakeFiles/can_rx_pico.dir/home/kedar/Programs/pico/pico-sdk/src/rp2_common/pico_bootrom/bootrom.c.obj
                0x0000000010003594                rom_data_lookup
 .text.rom_funcs_lookup
                0x00000000100035a4       0x44 CMakeFiles/can_rx_pico.dir/home/kedar/Programs/pico/pico-sdk/src/rp2_common/pico_bootrom/bootrom.c.obj
                0x00000000100035a4                rom_funcs_lookup
 .text.__wrap___aeabi_idiv
                0x00000000100035e8       0x50 CMakeFiles/can_rx_pico.dir/home/kedar/Programs/pico/pico-sdk/src/rp2_common/pico_divider/divider.S.obj
                0x00000000100035e8                __wrap___aeabi_idivmod
                0x00000000100035e8                divmod_s32s32
                0x00000000100035e8                div_s32s32
                0x00000000100035e8                __wrap___aeabi_idiv
                0x00000000100035f0                divmod_s32s32_unsafe
                0x000000001000361c                divmod_s32s32_savestate
 .text.__wrap___aeabi_uidiv
                0x0000000010003638       0x4c CMakeFiles/can_rx_pico.dir/home/kedar/Programs/pico/pico-sdk/src/rp2_common/pico_divider/divider.S.obj
                0x0000000010003638                __wrap___aeabi_uidiv
                0x0000000010003638                __wrap___aeabi_uidivmod
                0x0000000010003638                div_u32u32
                0x0000000010003638                divmod_u32u32
                0x0000000010003640                divmod_u32u32_unsafe
                0x0000000010003668                divmod_u32u32_savestate
 .text.__wrap___aeabi_ldiv
                0x0000000010003684      0x434 CMakeFiles/can_rx_pico.dir/home/kedar/Programs/pico/pico-sdk/src/rp2_common/pico_divider/divider.S.obj
                0x0000000010003684                div_s64s64
                0x0000000010003684                divmod_s64s64
                0x0000000010003684                __wrap___aeabi_ldivmod
                0x00000000100036bc                div_u64u64
                0x00000000100036bc                divmod_u64u64
                0x00000000100036bc                __wrap___aeabi_uldivmod
                0x00000000100036cc                divmod_u64u64_savestate
                0x00000000100036f4                divmod_s64s64_unsafe
                0x000000001000377c                divmod_u64u64_unsafe
 .text.__wrap___aeabi_darithmetic
                0x0000000010003ab8       0x80 CMakeFiles/can_rx_pico.dir/home/kedar/Programs/pico/pico-sdk/src/rp2_common/pico_double/double_aeabi.S.obj
                0x0000000010003ab8                __wrap___aeabi_drsub
                0x0000000010003abe                __wrap___aeabi_dsub
                0x0000000010003ad0                __wrap___aeabi_dadd
                0x0000000010003ae2                __wrap___aeabi_ddiv
                0x0000000010003b1e                __wrap___aeabi_dmul
 .text.__wrap___aeabi_cdcmple
                0x0000000010003b38       0x6c CMakeFiles/can_rx_pico.dir/home/kedar/Programs/pico/pico-sdk/src/rp2_common/pico_double/double_aeabi.S.obj
                0x0000000010003b38                __wrap___aeabi_cdrcmple
                0x0000000010003b48                __wrap___aeabi_cdcmple
                0x0000000010003b48                __wrap___aeabi_cdcmpeq
 .text.__wrap___aeabi_dcmplt
                0x0000000010003ba4        0xc CMakeFiles/can_rx_pico.dir/home/kedar/Programs/pico/pico-sdk/src/rp2_common/pico_double/double_aeabi.S.obj
                0x0000000010003ba4                __wrap___aeabi_dcmplt
 .text.__wrap___aeabi_dcmpge
                0x0000000010003bb0       0x10 CMakeFiles/can_rx_pico.dir/home/kedar/Programs/pico/pico-sdk/src/rp2_common/pico_double/double_aeabi.S.obj
                0x0000000010003bb0                __wrap___aeabi_dcmpge
 .text.__wrap___aeabi_dcmpgt
                0x0000000010003bc0        0xa CMakeFiles/can_rx_pico.dir/home/kedar/Programs/pico/pico-sdk/src/rp2_common/pico_double/double_aeabi.S.obj
                0x0000000010003bc0                __wrap___aeabi_dcmpgt
 .text.__wrap___aeabi_dcmpun
                0x0000000010003bca       0x1c CMakeFiles/can_rx_pico.dir/home/kedar/Programs/pico/pico-sdk/src/rp2_common/pico_double/double_aeabi.S.obj
                0x0000000010003bca                __wrap___aeabi_dcmpun
 *fill*         0x0000000010003be6        0x2 
 .text.__wrap___aeabi_i2d
                0x0000000010003be8       0x38 CMakeFiles/can_rx_pico.dir/home/kedar/Programs/pico/pico-sdk/src/rp2_common/pico_double/double_aeabi.S.obj
                0x0000000010003be8                __wrap___aeabi_ui2d
                0x0000000010003bf0                __wrap___aeabi_i2d
 .text.__wrap___aeabi_d2iz
                0x0000000010003c20       0x48 CMakeFiles/can_rx_pico.dir/home/kedar/Programs/pico/pico-sdk/src/rp2_common/pico_double/double_aeabi.S.obj
                0x0000000010003c20                __wrap___aeabi_d2iz
                0x0000000010003c20                double2int_z
 .text.__wrap___aeabi_d2uiz
                0x0000000010003c68       0x18 CMakeFiles/can_rx_pico.dir/home/kedar/Programs/pico/pico-sdk/src/rp2_common/pico_double/double_aeabi.S.obj
                0x0000000010003c68                double2uint
                0x0000000010003c68                __wrap___aeabi_d2uiz
 .text.__aeabi_double_init
                0x0000000010003c80       0x98 CMakeFiles/can_rx_pico.dir/home/kedar/Programs/pico/pico-sdk/src/rp2_common/pico_double/double_init_rom.c.obj
                0x0000000010003c80                __aeabi_double_init
 .text.double_table_shim_on_use_helper
                0x0000000010003d18       0x2c CMakeFiles/can_rx_pico.dir/home/kedar/Programs/pico/pico-sdk/src/rp2_common/pico_double/double_v1_rom_shim.S.obj
                0x0000000010003d18                double_table_shim_on_use_helper
 .text.__wrap___aeabi_dsub
                0x0000000010003d44       0x10 CMakeFiles/can_rx_pico.dir/home/kedar/Programs/pico/pico-sdk/src/rp2_common/pico_double/double_v1_rom_shim.S.obj
                0x0000000010003d44                drsub_shim
                0x0000000010003d4a                dsub_shim
 .text.dadd_shim
                0x0000000010003d54      0x15c CMakeFiles/can_rx_pico.dir/home/kedar/Programs/pico/pico-sdk/src/rp2_common/pico_double/double_v1_rom_shim.S.obj
                0x0000000010003d54                dadd_shim
 .text.dmul_shim
                0x0000000010003eb0      0x15c CMakeFiles/can_rx_pico.dir/home/kedar/Programs/pico/pico-sdk/src/rp2_common/pico_double/double_v1_rom_shim.S.obj
                0x0000000010003eb0                dmul_shim
 .text.ddiv_shim
                0x000000001000400c      0x1b0 CMakeFiles/can_rx_pico.dir/home/kedar/Programs/pico/pico-sdk/src/rp2_common/pico_double/double_v1_rom_shim.S.obj
                0x000000001000400c                ddiv_shim
 .text.double2uint_shim
                0x00000000100041bc        0xe CMakeFiles/can_rx_pico.dir/home/kedar/Programs/pico/pico-sdk/src/rp2_common/pico_double/double_v1_rom_shim.S.obj
                0x00000000100041bc                double2uint_shim
                0x00000000100041be                double2ufix_shim
 *fill*         0x00000000100041ca        0x2 
 .text.double2uint64_shim
                0x00000000100041cc       0x70 CMakeFiles/can_rx_pico.dir/home/kedar/Programs/pico/pico-sdk/src/rp2_common/pico_double/double_v1_rom_shim.S.obj
                0x00000000100041cc                double2uint64_shim
                0x00000000100041ce                double2ufix64_shim
                0x00000000100041ee                d2fix_a
 .text.dunpacks
                0x000000001000423c       0x3c CMakeFiles/can_rx_pico.dir/home/kedar/Programs/pico/pico-sdk/src/rp2_common/pico_double/double_v1_rom_shim.S.obj
                0x000000001000423c                dunpacks
 .text.__aeabi_lmul
                0x0000000010004278       0x32 CMakeFiles/can_rx_pico.dir/home/kedar/Programs/pico/pico-sdk/src/rp2_common/pico_int64_ops/pico_int64_ops_aeabi.S.obj
                0x0000000010004278                __wrap___aeabi_lmul
 *fill*         0x00000000100042aa        0x2 
 .text.__aeabi_float_init
                0x00000000100042ac       0x64 CMakeFiles/can_rx_pico.dir/home/kedar/Programs/pico/pico-sdk/src/rp2_common/pico_float/float_init_rom.c.obj
                0x00000000100042ac                __aeabi_float_init
 .text.float_table_shim_on_use_helper
                0x0000000010004310       0x2c CMakeFiles/can_rx_pico.dir/home/kedar/Programs/pico/pico-sdk/src/rp2_common/pico_float/float_v1_rom_shim.S.obj
                0x0000000010004310                float_table_shim_on_use_helper
 .text          0x000000001000433c       0x10 CMakeFiles/can_rx_pico.dir/home/kedar/Programs/pico/pico-sdk/src/rp2_common/pico_mem_ops/mem_ops_aeabi.S.obj
                0x000000001000433c                __aeabi_mem_init
 .text.memset   0x000000001000434c        0xc CMakeFiles/can_rx_pico.dir/home/kedar/Programs/pico/pico-sdk/src/rp2_common/pico_mem_ops/mem_ops_aeabi.S.obj
                0x000000001000434c                __wrap_memset
 .text.memcpy   0x0000000010004358        0xc CMakeFiles/can_rx_pico.dir/home/kedar/Programs/pico/pico-sdk/src/rp2_common/pico_mem_ops/mem_ops_aeabi.S.obj
                0x0000000010004358                __wrap___aeabi_memcpy
                0x0000000010004358                __wrap_memcpy
 .text.stdio_out_chars_crlf
                0x0000000010004364       0x94 CMakeFiles/can_rx_pico.dir/home/kedar/Programs/pico/pico-sdk/src/rp2_common/pico_stdio/stdio.c.obj
 .text.stdio_buffered_printer
                0x00000000100043f8       0x64 CMakeFiles/can_rx_pico.dir/home/kedar/Programs/pico/pico-sdk/src/rp2_common/pico_stdio/stdio.c.obj
 .text.__wrap_putchar
                0x000000001000445c       0xa4 CMakeFiles/can_rx_pico.dir/home/kedar/Programs/pico/pico-sdk/src/rp2_common/pico_stdio/stdio.c.obj
                0x000000001000445c                __wrap_putchar
 .text.__wrap_puts
                0x0000000010004500       0xe8 CMakeFiles/can_rx_pico.dir/home/kedar/Programs/pico/pico-sdk/src/rp2_common/pico_stdio/stdio.c.obj
                0x0000000010004500                __wrap_puts
 .text.stdio_set_driver_enabled
                0x00000000100045e8       0x30 CMakeFiles/can_rx_pico.dir/home/kedar/Programs/pico/pico-sdk/src/rp2_common/pico_stdio/stdio.c.obj
                0x00000000100045e8                stdio_set_driver_enabled
 .text.__wrap_vprintf
                0x0000000010004618       0xd4 CMakeFiles/can_rx_pico.dir/home/kedar/Programs/pico/pico-sdk/src/rp2_common/pico_stdio/stdio.c.obj
                0x0000000010004618                __wrap_vprintf
 .text.__wrap_printf
                0x00000000100046ec       0x18 CMakeFiles/can_rx_pico.dir/home/kedar/Programs/pico/pico-sdk/src/rp2_common/pico_stdio/stdio.c.obj
                0x00000000100046ec                __wrap_printf
 .text.stdio_init_all
                0x0000000010004704        0x8 CMakeFiles/can_rx_pico.dir/home/kedar/Programs/pico/pico-sdk/src/rp2_common/pico_stdio/stdio.c.obj
                0x0000000010004704                stdio_init_all
 .text.resetd_init
                0x000000001000470c        0x4 CMakeFiles/can_rx_pico.dir/home/kedar/Programs/pico/pico-sdk/src/rp2_common/pico_stdio_usb/reset_interface.c.obj
 .text.resetd_reset
                0x0000000010004710        0xc CMakeFiles/can_rx_pico.dir/home/kedar/Programs/pico/pico-sdk/src/rp2_common/pico_stdio_usb/reset_interface.c.obj
 .text.resetd_open
                0x000000001000471c       0x28 CMakeFiles/can_rx_pico.dir/home/kedar/Programs/pico/pico-sdk/src/rp2_common/pico_stdio_usb/reset_interface.c.obj
 .text.resetd_xfer_cb
                0x0000000010004744        0x4 CMakeFiles/can_rx_pico.dir/home/kedar/Programs/pico/pico-sdk/src/rp2_common/pico_stdio_usb/reset_interface.c.obj
 .text.resetd_control_xfer_cb
                0x0000000010004748       0x60 CMakeFiles/can_rx_pico.dir/home/kedar/Programs/pico/pico-sdk/src/rp2_common/pico_stdio_usb/reset_interface.c.obj
 .text.usbd_app_driver_get_cb
                0x00000000100047a8        0xc CMakeFiles/can_rx_pico.dir/home/kedar/Programs/pico/pico-sdk/src/rp2_common/pico_stdio_usb/reset_interface.c.obj
                0x00000000100047a8                usbd_app_driver_get_cb
 .text.tud_cdc_line_coding_cb
                0x00000000100047b4       0x34 CMakeFiles/can_rx_pico.dir/home/kedar/Programs/pico/pico-sdk/src/rp2_common/pico_stdio_usb/reset_interface.c.obj
                0x00000000100047b4                tud_cdc_line_coding_cb
 .text.stdio_usb_in_chars
                0x00000000100047e8       0x68 CMakeFiles/can_rx_pico.dir/home/kedar/Programs/pico/pico-sdk/src/rp2_common/pico_stdio_usb/stdio_usb.c.obj
                0x00000000100047e8                stdio_usb_in_chars
 .text.stdio_usb_out_chars
                0x0000000010004850       0xe8 CMakeFiles/can_rx_pico.dir/home/kedar/Programs/pico/pico-sdk/src/rp2_common/pico_stdio_usb/stdio_usb.c.obj
 .text.timer_task
                0x0000000010004938       0x18 CMakeFiles/can_rx_pico.dir/home/kedar/Programs/pico/pico-sdk/src/rp2_common/pico_stdio_usb/stdio_usb.c.obj
 .text.usb_irq  0x0000000010004950       0x10 CMakeFiles/can_rx_pico.dir/home/kedar/Programs/pico/pico-sdk/src/rp2_common/pico_stdio_usb/stdio_usb.c.obj
 .text.low_priority_worker_irq
                0x0000000010004960       0x24 CMakeFiles/can_rx_pico.dir/home/kedar/Programs/pico/pico-sdk/src/rp2_common/pico_stdio_usb/stdio_usb.c.obj
 .text.stdio_usb_init
                0x0000000010004984       0xb0 CMakeFiles/can_rx_pico.dir/home/kedar/Programs/pico/pico-sdk/src/rp2_common/pico_stdio_usb/stdio_usb.c.obj
                0x0000000010004984                stdio_usb_init
 .text.tud_descriptor_device_cb
                0x0000000010004a34        0x8 CMakeFiles/can_rx_pico.dir/home/kedar/Programs/pico/pico-sdk/src/rp2_common/pico_stdio_usb/stdio_usb_descriptors.c.obj
                0x0000000010004a34                tud_descriptor_device_cb
 .text.tud_descriptor_configuration_cb
                0x0000000010004a3c        0x8 CMakeFiles/can_rx_pico.dir/home/kedar/Programs/pico/pico-sdk/src/rp2_common/pico_stdio_usb/stdio_usb_descriptors.c.obj
                0x0000000010004a3c                tud_descriptor_configuration_cb
 .text.tud_descriptor_string_cb
                0x0000000010004a44       0x78 CMakeFiles/can_rx_pico.dir/home/kedar/Programs/pico/pico-sdk/src/rp2_common/pico_stdio_usb/stdio_usb_descriptors.c.obj
                0x0000000010004a44                tud_descriptor_string_cb
 .text.dcd_rp2040_irq
                0x0000000010004abc      0x1d0 CMakeFiles/can_rx_pico.dir/home/kedar/Programs/pico/pico-sdk/lib/tinyusb/src/portable/raspberrypi/rp2040/dcd_rp2040.c.obj
 .text.dcd_int_enable
                0x0000000010004c8c        0xc CMakeFiles/can_rx_pico.dir/home/kedar/Programs/pico/pico-sdk/lib/tinyusb/src/portable/raspberrypi/rp2040/dcd_rp2040.c.obj
                0x0000000010004c8c                dcd_int_enable
 .text.dcd_set_address
                0x0000000010004c98       0x14 CMakeFiles/can_rx_pico.dir/home/kedar/Programs/pico/pico-sdk/lib/tinyusb/src/portable/raspberrypi/rp2040/dcd_rp2040.c.obj
                0x0000000010004c98                dcd_set_address
 .text.dcd_connect
                0x0000000010004cac       0x10 CMakeFiles/can_rx_pico.dir/home/kedar/Programs/pico/pico-sdk/lib/tinyusb/src/portable/raspberrypi/rp2040/dcd_rp2040.c.obj
                0x0000000010004cac                dcd_connect
 .text.dcd_init
                0x0000000010004cbc       0xf0 CMakeFiles/can_rx_pico.dir/home/kedar/Programs/pico/pico-sdk/lib/tinyusb/src/portable/raspberrypi/rp2040/dcd_rp2040.c.obj
                0x0000000010004cbc                dcd_init
 .text.dcd_edpt0_status_complete
                0x0000000010004dac       0x1c CMakeFiles/can_rx_pico.dir/home/kedar/Programs/pico/pico-sdk/lib/tinyusb/src/portable/raspberrypi/rp2040/dcd_rp2040.c.obj
                0x0000000010004dac                dcd_edpt0_status_complete
 .text.dcd_edpt_open
                0x0000000010004dc8       0xf0 CMakeFiles/can_rx_pico.dir/home/kedar/Programs/pico/pico-sdk/lib/tinyusb/src/portable/raspberrypi/rp2040/dcd_rp2040.c.obj
                0x0000000010004dc8                dcd_edpt_open
 .text.dcd_edpt_close_all
                0x0000000010004eb8       0x68 CMakeFiles/can_rx_pico.dir/home/kedar/Programs/pico/pico-sdk/lib/tinyusb/src/portable/raspberrypi/rp2040/dcd_rp2040.c.obj
                0x0000000010004eb8                dcd_edpt_close_all
 .text.dcd_edpt_xfer
                0x0000000010004f20       0x24 CMakeFiles/can_rx_pico.dir/home/kedar/Programs/pico/pico-sdk/lib/tinyusb/src/portable/raspberrypi/rp2040/dcd_rp2040.c.obj
                0x0000000010004f20                dcd_edpt_xfer
 .text.dcd_edpt_stall
                0x0000000010004f44       0x34 CMakeFiles/can_rx_pico.dir/home/kedar/Programs/pico/pico-sdk/lib/tinyusb/src/portable/raspberrypi/rp2040/dcd_rp2040.c.obj
                0x0000000010004f44                dcd_edpt_stall
 .text.dcd_edpt_clear_stall
                0x0000000010004f78       0x30 CMakeFiles/can_rx_pico.dir/home/kedar/Programs/pico/pico-sdk/lib/tinyusb/src/portable/raspberrypi/rp2040/dcd_rp2040.c.obj
                0x0000000010004f78                dcd_edpt_clear_stall
 .text._hw_endpoint_buffer_control_update32.part.0.isra.0
                0x0000000010004fa8       0x1c CMakeFiles/can_rx_pico.dir/home/kedar/Programs/pico/pico-sdk/lib/tinyusb/src/portable/raspberrypi/rp2040/rp2040_usb.c.obj
 .text.rp2040_usb_init
                0x0000000010004fc4       0x4c CMakeFiles/can_rx_pico.dir/home/kedar/Programs/pico/pico-sdk/lib/tinyusb/src/portable/raspberrypi/rp2040/rp2040_usb.c.obj
                0x0000000010004fc4                rp2040_usb_init
 .text.hw_endpoint_reset_transfer
                0x0000000010005010        0xc CMakeFiles/can_rx_pico.dir/home/kedar/Programs/pico/pico-sdk/lib/tinyusb/src/portable/raspberrypi/rp2040/rp2040_usb.c.obj
                0x0000000010005010                hw_endpoint_reset_transfer
 .text._hw_endpoint_buffer_control_update32
                0x000000001000501c       0x44 CMakeFiles/can_rx_pico.dir/home/kedar/Programs/pico/pico-sdk/lib/tinyusb/src/portable/raspberrypi/rp2040/rp2040_usb.c.obj
                0x000000001000501c                _hw_endpoint_buffer_control_update32
 .text.hw_endpoint_xfer_start
                0x0000000010005060      0x138 CMakeFiles/can_rx_pico.dir/home/kedar/Programs/pico/pico-sdk/lib/tinyusb/src/portable/raspberrypi/rp2040/rp2040_usb.c.obj
                0x0000000010005060                hw_endpoint_xfer_start
 .text.hw_endpoint_xfer_continue
                0x0000000010005198      0x1d8 CMakeFiles/can_rx_pico.dir/home/kedar/Programs/pico/pico-sdk/lib/tinyusb/src/portable/raspberrypi/rp2040/rp2040_usb.c.obj
                0x0000000010005198                hw_endpoint_xfer_continue
 .text.tud_mounted
                0x0000000010005370       0x10 CMakeFiles/can_rx_pico.dir/home/kedar/Programs/pico/pico-sdk/lib/tinyusb/src/device/usbd.c.obj
                0x0000000010005370                tud_mounted
 .text.tud_suspended
                0x0000000010005380       0x10 CMakeFiles/can_rx_pico.dir/home/kedar/Programs/pico/pico-sdk/lib/tinyusb/src/device/usbd.c.obj
                0x0000000010005380                tud_suspended
 .text.tud_inited
                0x0000000010005390        0xc CMakeFiles/can_rx_pico.dir/home/kedar/Programs/pico/pico-sdk/lib/tinyusb/src/device/usbd.c.obj
                0x0000000010005390                tud_inited
 .text.tud_init
                0x000000001000539c       0xe0 CMakeFiles/can_rx_pico.dir/home/kedar/Programs/pico/pico-sdk/lib/tinyusb/src/device/usbd.c.obj
                0x000000001000539c                tud_init
 .text.tud_task
                0x000000001000547c      0x8f0 CMakeFiles/can_rx_pico.dir/home/kedar/Programs/pico/pico-sdk/lib/tinyusb/src/device/usbd.c.obj
                0x000000001000547c                tud_task
 .text.dcd_event_bus_signal
                0x0000000010005d6c      0x124 CMakeFiles/can_rx_pico.dir/home/kedar/Programs/pico/pico-sdk/lib/tinyusb/src/device/usbd.c.obj
                0x0000000010005d6c                dcd_event_bus_signal
 .text.dcd_event_bus_reset
                0x0000000010005e90       0x58 CMakeFiles/can_rx_pico.dir/home/kedar/Programs/pico/pico-sdk/lib/tinyusb/src/device/usbd.c.obj
                0x0000000010005e90                dcd_event_bus_reset
 .text.dcd_event_setup_received
                0x0000000010005ee8       0x50 CMakeFiles/can_rx_pico.dir/home/kedar/Programs/pico/pico-sdk/lib/tinyusb/src/device/usbd.c.obj
                0x0000000010005ee8                dcd_event_setup_received
 .text.dcd_event_xfer_complete
                0x0000000010005f38       0x68 CMakeFiles/can_rx_pico.dir/home/kedar/Programs/pico/pico-sdk/lib/tinyusb/src/device/usbd.c.obj
                0x0000000010005f38                dcd_event_xfer_complete
 .text.usbd_open_edpt_pair
                0x0000000010005fa0       0x94 CMakeFiles/can_rx_pico.dir/home/kedar/Programs/pico/pico-sdk/lib/tinyusb/src/device/usbd.c.obj
                0x0000000010005fa0                usbd_open_edpt_pair
 .text.usbd_edpt_open
                0x0000000010006034       0x30 CMakeFiles/can_rx_pico.dir/home/kedar/Programs/pico/pico-sdk/lib/tinyusb/src/device/usbd.c.obj
                0x0000000010006034                usbd_edpt_open
 .text.usbd_edpt_claim
                0x0000000010006064       0x64 CMakeFiles/can_rx_pico.dir/home/kedar/Programs/pico/pico-sdk/lib/tinyusb/src/device/usbd.c.obj
                0x0000000010006064                usbd_edpt_claim
 .text.usbd_edpt_release
                0x00000000100060c8       0x4c CMakeFiles/can_rx_pico.dir/home/kedar/Programs/pico/pico-sdk/lib/tinyusb/src/device/usbd.c.obj
                0x00000000100060c8                usbd_edpt_release
 .text.usbd_edpt_xfer
                0x0000000010006114       0x44 CMakeFiles/can_rx_pico.dir/home/kedar/Programs/pico/pico-sdk/lib/tinyusb/src/device/usbd.c.obj
                0x0000000010006114                usbd_edpt_xfer
 .text.tud_control_status
                0x0000000010006158       0x2c CMakeFiles/can_rx_pico.dir/home/kedar/Programs/pico/pico-sdk/lib/tinyusb/src/device/usbd_control.c.obj
                0x0000000010006158                tud_control_status
 .text.tud_control_xfer
                0x0000000010006184       0xac CMakeFiles/can_rx_pico.dir/home/kedar/Programs/pico/pico-sdk/lib/tinyusb/src/device/usbd_control.c.obj
                0x0000000010006184                tud_control_xfer
 .text.usbd_control_reset
                0x0000000010006230       0x14 CMakeFiles/can_rx_pico.dir/home/kedar/Programs/pico/pico-sdk/lib/tinyusb/src/device/usbd_control.c.obj
                0x0000000010006230                usbd_control_reset
 .text.usbd_control_set_complete_callback
                0x0000000010006244        0xc CMakeFiles/can_rx_pico.dir/home/kedar/Programs/pico/pico-sdk/lib/tinyusb/src/device/usbd_control.c.obj
                0x0000000010006244                usbd_control_set_complete_callback
 .text.usbd_control_set_request
                0x0000000010006250       0x1c CMakeFiles/can_rx_pico.dir/home/kedar/Programs/pico/pico-sdk/lib/tinyusb/src/device/usbd_control.c.obj
                0x0000000010006250                usbd_control_set_request
 .text.usbd_control_xfer_cb
                0x000000001000626c       0xf4 CMakeFiles/can_rx_pico.dir/home/kedar/Programs/pico/pico-sdk/lib/tinyusb/src/device/usbd_control.c.obj
                0x000000001000626c                usbd_control_xfer_cb
 .text.tud_cdc_n_connected
                0x0000000010006360       0x30 CMakeFiles/can_rx_pico.dir/home/kedar/Programs/pico/pico-sdk/lib/tinyusb/src/class/cdc/cdc_device.c.obj
                0x0000000010006360                tud_cdc_n_connected
 .text.tud_cdc_n_available
                0x0000000010006390       0x18 CMakeFiles/can_rx_pico.dir/home/kedar/Programs/pico/pico-sdk/lib/tinyusb/src/class/cdc/cdc_device.c.obj
                0x0000000010006390                tud_cdc_n_available
 .text.tud_cdc_n_read
                0x00000000100063a8       0x70 CMakeFiles/can_rx_pico.dir/home/kedar/Programs/pico/pico-sdk/lib/tinyusb/src/class/cdc/cdc_device.c.obj
                0x00000000100063a8                tud_cdc_n_read
 .text.tud_cdc_n_write_flush
                0x0000000010006418       0x78 CMakeFiles/can_rx_pico.dir/home/kedar/Programs/pico/pico-sdk/lib/tinyusb/src/class/cdc/cdc_device.c.obj
                0x0000000010006418                tud_cdc_n_write_flush
 .text.tud_cdc_n_write
                0x0000000010006490       0x34 CMakeFiles/can_rx_pico.dir/home/kedar/Programs/pico/pico-sdk/lib/tinyusb/src/class/cdc/cdc_device.c.obj
                0x0000000010006490                tud_cdc_n_write
 .text.tud_cdc_n_write_available
                0x00000000100064c4       0x18 CMakeFiles/can_rx_pico.dir/home/kedar/Programs/pico/pico-sdk/lib/tinyusb/src/class/cdc/cdc_device.c.obj
                0x00000000100064c4                tud_cdc_n_write_available
 .text.cdcd_init
                0x00000000100064dc       0x7c CMakeFiles/can_rx_pico.dir/home/kedar/Programs/pico/pico-sdk/lib/tinyusb/src/class/cdc/cdc_device.c.obj
                0x00000000100064dc                cdcd_init
 .text.cdcd_reset
                0x0000000010006558       0x2c CMakeFiles/can_rx_pico.dir/home/kedar/Programs/pico/pico-sdk/lib/tinyusb/src/class/cdc/cdc_device.c.obj
                0x0000000010006558                cdcd_reset
 .text.cdcd_open
                0x0000000010006584       0xe4 CMakeFiles/can_rx_pico.dir/home/kedar/Programs/pico/pico-sdk/lib/tinyusb/src/class/cdc/cdc_device.c.obj
                0x0000000010006584                cdcd_open
 .text.cdcd_control_xfer_cb
                0x0000000010006668       0xe4 CMakeFiles/can_rx_pico.dir/home/kedar/Programs/pico/pico-sdk/lib/tinyusb/src/class/cdc/cdc_device.c.obj
                0x0000000010006668                cdcd_control_xfer_cb
 .text.cdcd_xfer_cb
                0x000000001000674c      0x13c CMakeFiles/can_rx_pico.dir/home/kedar/Programs/pico/pico-sdk/lib/tinyusb/src/class/cdc/cdc_device.c.obj
                0x000000001000674c                cdcd_xfer_cb
 .text.tusb_init
                0x0000000010006888        0xc CMakeFiles/can_rx_pico.dir/home/kedar/Programs/pico/pico-sdk/lib/tinyusb/src/tusb.c.obj
                0x0000000010006888                tusb_init
 .text.tusb_inited
                0x0000000010006894        0x8 CMakeFiles/can_rx_pico.dir/home/kedar/Programs/pico/pico-sdk/lib/tinyusb/src/tusb.c.obj
                0x0000000010006894                tusb_inited
 .text.tu_edpt_validate
                0x000000001000689c       0x80 CMakeFiles/can_rx_pico.dir/home/kedar/Programs/pico/pico-sdk/lib/tinyusb/src/tusb.c.obj
                0x000000001000689c                tu_edpt_validate
 .text.tu_edpt_bind_driver
                0x000000001000691c       0x2c CMakeFiles/can_rx_pico.dir/home/kedar/Programs/pico/pico-sdk/lib/tinyusb/src/tusb.c.obj
                0x000000001000691c                tu_edpt_bind_driver
 .text.tu_fifo_config
                0x0000000010006948       0x74 CMakeFiles/can_rx_pico.dir/home/kedar/Programs/pico/pico-sdk/lib/tinyusb/src/common/tusb_fifo.c.obj
                0x0000000010006948                tu_fifo_config
 .text.tu_fifo_count
                0x00000000100069bc       0x20 CMakeFiles/can_rx_pico.dir/home/kedar/Programs/pico/pico-sdk/lib/tinyusb/src/common/tusb_fifo.c.obj
                0x00000000100069bc                tu_fifo_count
 .text.tu_fifo_empty
                0x00000000100069dc       0x10 CMakeFiles/can_rx_pico.dir/home/kedar/Programs/pico/pico-sdk/lib/tinyusb/src/common/tusb_fifo.c.obj
                0x00000000100069dc                tu_fifo_empty
 .text.tu_fifo_remaining
                0x00000000100069ec       0x1c CMakeFiles/can_rx_pico.dir/home/kedar/Programs/pico/pico-sdk/lib/tinyusb/src/common/tusb_fifo.c.obj
                0x00000000100069ec                tu_fifo_remaining
 .text.tu_fifo_read
                0x0000000010006a08       0xa4 CMakeFiles/can_rx_pico.dir/home/kedar/Programs/pico/pico-sdk/lib/tinyusb/src/common/tusb_fifo.c.obj
                0x0000000010006a08                tu_fifo_read
 .text.tu_fifo_read_n
                0x0000000010006aac      0x100 CMakeFiles/can_rx_pico.dir/home/kedar/Programs/pico/pico-sdk/lib/tinyusb/src/common/tusb_fifo.c.obj
                0x0000000010006aac                tu_fifo_read_n
 .text.tu_fifo_write
                0x0000000010006bac       0x78 CMakeFiles/can_rx_pico.dir/home/kedar/Programs/pico/pico-sdk/lib/tinyusb/src/common/tusb_fifo.c.obj
                0x0000000010006bac                tu_fifo_write
 .text.tu_fifo_write_n
                0x0000000010006c24       0xfc CMakeFiles/can_rx_pico.dir/home/kedar/Programs/pico/pico-sdk/lib/tinyusb/src/common/tusb_fifo.c.obj
                0x0000000010006c24                tu_fifo_write_n
 .text.tu_fifo_clear
                0x0000000010006d20       0x4c CMakeFiles/can_rx_pico.dir/home/kedar/Programs/pico/pico-sdk/lib/tinyusb/src/common/tusb_fifo.c.obj
                0x0000000010006d20                tu_fifo_clear
 .text.tu_fifo_set_overwritable
                0x0000000010006d6c       0x3c CMakeFiles/can_rx_pico.dir/home/kedar/Programs/pico/pico-sdk/lib/tinyusb/src/common/tusb_fifo.c.obj
                0x0000000010006d6c                tu_fifo_set_overwritable
 .text.startup._retrieve_unique_id_on_boot
                0x0000000010006da8       0x10 CMakeFiles/can_rx_pico.dir/home/kedar/Programs/pico/pico-sdk/src/rp2_common/pico_unique_id/unique_id.c.obj
 .text.pico_get_unique_board_id_string
                0x0000000010006db8      0x1a8 CMakeFiles/can_rx_pico.dir/home/kedar/Programs/pico/pico-sdk/src/rp2_common/pico_unique_id/unique_id.c.obj
                0x0000000010006db8                pico_get_unique_board_id_string
 .text.flash_get_unique_id
                0x0000000010006f60       0x40 CMakeFiles/can_rx_pico.dir/home/kedar/Programs/pico/pico-sdk/src/rp2_common/hardware_flash/flash.c.obj
                0x0000000010006f60                flash_get_unique_id
 .text.pio_claim_unused_sm
                0x0000000010006fa0       0x3c CMakeFiles/can_rx_pico.dir/home/kedar/Programs/pico/pico-sdk/src/rp2_common/hardware_pio/pio.c.obj
                0x0000000010006fa0                pio_claim_unused_sm
 .text.pio_add_program
                0x0000000010006fdc       0xf0 CMakeFiles/can_rx_pico.dir/home/kedar/Programs/pico/pico-sdk/src/rp2_common/hardware_pio/pio.c.obj
                0x0000000010006fdc                pio_add_program
 .text.pio_sm_set_consecutive_pindirs
                0x00000000100070cc       0x84 CMakeFiles/can_rx_pico.dir/home/kedar/Programs/pico/pico-sdk/src/rp2_common/hardware_pio/pio.c.obj
                0x00000000100070cc                pio_sm_set_consecutive_pindirs
 .text.pio_sm_init
                0x0000000010007150       0x9c CMakeFiles/can_rx_pico.dir/home/kedar/Programs/pico/pico-sdk/src/rp2_common/hardware_pio/pio.c.obj
                0x0000000010007150                pio_sm_init
 .text.dma_channel_claim
                0x00000000100071ec       0x18 CMakeFiles/can_rx_pico.dir/home/kedar/Programs/pico/pico-sdk/src/rp2_common/hardware_dma/dma.c.obj
                0x00000000100071ec                dma_channel_claim
 .text.atexit   0x0000000010007204       0x10 /usr/lib/gcc/arm-none-eabi/12.2.0/../../../../arm-none-eabi/lib/thumb/v6-m/nofp/libc.a(lib_a-atexit.o)
                0x0000000010007204                atexit
 .text.__libc_fini_array
                0x0000000010007214       0x28 /usr/lib/gcc/arm-none-eabi/12.2.0/../../../../arm-none-eabi/lib/thumb/v6-m/nofp/libc.a(lib_a-fini.o)
                0x0000000010007214                __libc_fini_array
 .text.strlen   0x000000001000723c       0x5c /usr/lib/gcc/arm-none-eabi/12.2.0/../../../../arm-none-eabi/lib/thumb/v6-m/nofp/libc.a(lib_a-strlen-stub.o)
                0x000000001000723c                strlen
 .text.__register_exitproc
                0x0000000010007298       0xac /usr/lib/gcc/arm-none-eabi/12.2.0/../../../../arm-none-eabi/lib/thumb/v6-m/nofp/libc.a(lib_a-__atexit.o)
                0x0000000010007298                __register_exitproc
 .text.startup.register_fini
                0x0000000010007344       0x18 /usr/lib/gcc/arm-none-eabi/12.2.0/../../../../arm-none-eabi/lib/thumb/v6-m/nofp/libc.a(lib_a-__call_atexit.o)
 .text.__retarget_lock_acquire_recursive
                0x000000001000735c        0x4 /usr/lib/gcc/arm-none-eabi/12.2.0/../../../../arm-none-eabi/lib/thumb/v6-m/nofp/libc.a(lib_a-lock.o)
                0x000000001000735c                __retarget_lock_acquire_recursive
 .text.__retarget_lock_release_recursive
                0x0000000010007360        0x4 /usr/lib/gcc/arm-none-eabi/12.2.0/../../../../arm-none-eabi/lib/thumb/v6-m/nofp/libc.a(lib_a-lock.o)
                0x0000000010007360                __retarget_lock_release_recursive
 *(.fini)
 .fini          0x0000000010007364        0x4 /usr/lib/gcc/arm-none-eabi/12.2.0/thumb/v6-m/nofp/crti.o
                0x0000000010007364                _fini
 .fini.__stub   0x0000000010007368       0x70 linker stubs
 *crtbegin.o(.ctors)
 *crtbegin?.o(.ctors)
 *(EXCLUDE_FILE(*crtend.o *crtend?.o) .ctors)
 *(SORT_BY_NAME(.ctors.*))
 *(.ctors)
 *crtbegin.o(.dtors)
 *crtbegin?.o(.dtors)
 *(EXCLUDE_FILE(*crtend.o *crtend?.o) .dtors)
 *(SORT_BY_NAME(.dtors.*))
 *(.dtors)
 *(.eh_frame*)
 .eh_frame      0x00000000100073d8        0x0 /usr/lib/gcc/arm-none-eabi/12.2.0/thumb/v6-m/nofp/crtbegin.o
                0x00000000100073d8                . = ALIGN (0x4)

.glue_7         0x00000000100073d8        0x0
 .glue_7        0x00000000100073d8        0x0 linker stubs

.glue_7t        0x00000000100073d8        0x0
 .glue_7t       0x00000000100073d8        0x0 linker stubs

.vfp11_veneer   0x00000000100073d8        0x0
 .vfp11_veneer  0x00000000100073d8        0x0 linker stubs

.v4_bx          0x00000000100073d8        0x0
 .v4_bx         0x00000000100073d8        0x0 linker stubs

.iplt           0x00000000100073d8        0x0
 .iplt          0x00000000100073d8        0x0 /usr/lib/gcc/arm-none-eabi/12.2.0/thumb/v6-m/nofp/crtbegin.o

.rodata         0x00000000100073d8      0x580
 *(EXCLUDE_FILE(*libm.a: *libc.a:*lib_a-mem*.o *libgcc.a:) .rodata*)
 .rodata.main.str1.4
                0x00000000100073d8        0x5 CMakeFiles/can_rx_pico.dir/can_rx.c.obj
 *fill*         0x00000000100073dd        0x3 
 .rodata.can_rx_program
                0x00000000100073e0        0x6 CMakeFiles/can_rx_pico.dir/can_rx.c.obj
 *fill*         0x00000000100073e6        0x2 
 .rodata.can_rx_program_instructions
                0x00000000100073e8       0x38 CMakeFiles/can_rx_pico.dir/can_rx.c.obj
 .rodata.spin_lock_claim_unused.str1.4
                0x0000000010007420       0x1b CMakeFiles/can_rx_pico.dir/home/kedar/Programs/pico/pico-sdk/src/rp2_common/hardware_sync/sync.c.obj
 *fill*         0x000000001000743b        0x1 
 .rodata.user_irq_claim_unused.str1.4
                0x000000001000743c       0x1b CMakeFiles/can_rx_pico.dir/home/kedar/Programs/pico/pico-sdk/src/rp2_common/hardware_irq/irq.c.obj
 *fill*         0x0000000010007457        0x1 
 .rodata.hardware_alarm_claim.str1.4
                0x0000000010007458       0x22 CMakeFiles/can_rx_pico.dir/home/kedar/Programs/pico/pico-sdk/src/rp2_common/hardware_timer/timer.c.obj
 *fill*         0x000000001000747a        0x2 
 .rodata.panic.str1.4
                0x000000001000747c       0x12 CMakeFiles/can_rx_pico.dir/home/kedar/Programs/pico/pico-sdk/src/rp2_common/pico_runtime/runtime.c.obj
 *fill*         0x000000001000748e        0x2 
 .rodata.hard_assertion_failure.str1.4
                0x0000000010007490        0xc CMakeFiles/can_rx_pico.dir/home/kedar/Programs/pico/pico-sdk/src/rp2_common/pico_runtime/runtime.c.obj
 .rodata._ftoa.str1.4
                0x000000001000749c       0x15 CMakeFiles/can_rx_pico.dir/home/kedar/Programs/pico/pico-sdk/src/rp2_common/pico_printf/printf.c.obj
 *fill*         0x00000000100074b1        0x3 
 .rodata._vsnprintf
                0x00000000100074b4      0x19c CMakeFiles/can_rx_pico.dir/home/kedar/Programs/pico/pico-sdk/src/rp2_common/pico_printf/printf.c.obj
 .rodata.pow10.0
                0x0000000010007650       0x50 CMakeFiles/can_rx_pico.dir/home/kedar/Programs/pico/pico-sdk/src/rp2_common/pico_printf/printf.c.obj
 .rodata.str1.4
                0x00000000100076a0       0x40 CMakeFiles/can_rx_pico.dir/home/kedar/Programs/pico/pico-sdk/src/rp2_common/pico_standard_link/binary_info.c.obj
 .rodata.__bi_81
                0x00000000100076e0        0xc CMakeFiles/can_rx_pico.dir/home/kedar/Programs/pico/pico-sdk/src/rp2_common/pico_standard_link/binary_info.c.obj
 .rodata.__bi_75
                0x00000000100076ec        0xc CMakeFiles/can_rx_pico.dir/home/kedar/Programs/pico/pico-sdk/src/rp2_common/pico_standard_link/binary_info.c.obj
 .rodata.__bi_44
                0x00000000100076f8        0xc CMakeFiles/can_rx_pico.dir/home/kedar/Programs/pico/pico-sdk/src/rp2_common/pico_standard_link/binary_info.c.obj
 .rodata.crlf_str.0
                0x0000000010007704        0x2 CMakeFiles/can_rx_pico.dir/home/kedar/Programs/pico/pico-sdk/src/rp2_common/pico_stdio/stdio.c.obj
 *fill*         0x0000000010007706        0x2 
 .rodata._resetd_driver
                0x0000000010007708       0x18 CMakeFiles/can_rx_pico.dir/home/kedar/Programs/pico/pico-sdk/src/rp2_common/pico_stdio_usb/reset_interface.c.obj
 .rodata.str1.4
                0x0000000010007720       0x13 CMakeFiles/can_rx_pico.dir/home/kedar/Programs/pico/pico-sdk/src/rp2_common/pico_stdio_usb/stdio_usb.c.obj
 *fill*         0x0000000010007733        0x1 
 .rodata.__bi_118.0
                0x0000000010007734        0xc CMakeFiles/can_rx_pico.dir/home/kedar/Programs/pico/pico-sdk/src/rp2_common/pico_stdio_usb/stdio_usb.c.obj
 .rodata.str1.4
                0x0000000010007740       0x2a CMakeFiles/can_rx_pico.dir/home/kedar/Programs/pico/pico-sdk/src/rp2_common/pico_stdio_usb/stdio_usb_descriptors.c.obj
 *fill*         0x000000001000776a        0x2 
 .rodata.usbd_desc_str
                0x000000001000776c       0x18 CMakeFiles/can_rx_pico.dir/home/kedar/Programs/pico/pico-sdk/src/rp2_common/pico_stdio_usb/stdio_usb_descriptors.c.obj
 .rodata.usbd_desc_cfg
                0x0000000010007784       0x54 CMakeFiles/can_rx_pico.dir/home/kedar/Programs/pico/pico-sdk/src/rp2_common/pico_stdio_usb/stdio_usb_descriptors.c.obj
 .rodata.usbd_desc_device
                0x00000000100077d8       0x12 CMakeFiles/can_rx_pico.dir/home/kedar/Programs/pico/pico-sdk/src/rp2_common/pico_stdio_usb/stdio_usb_descriptors.c.obj
 *fill*         0x00000000100077ea        0x2 
 .rodata.dcd_rp2040_irq.str1.4
                0x00000000100077ec       0x14 CMakeFiles/can_rx_pico.dir/home/kedar/Programs/pico/pico-sdk/lib/tinyusb/src/portable/raspberrypi/rp2040/dcd_rp2040.c.obj
 .rodata._hw_endpoint_buffer_control_update32.part.0.isra.0.str1.4
                0x0000000010007800       0x1f CMakeFiles/can_rx_pico.dir/home/kedar/Programs/pico/pico-sdk/lib/tinyusb/src/portable/raspberrypi/rp2040/rp2040_usb.c.obj
 *fill*         0x000000001000781f        0x1 
 .rodata.hw_endpoint_xfer_continue.str1.4
                0x0000000010007820       0x29 CMakeFiles/can_rx_pico.dir/home/kedar/Programs/pico/pico-sdk/lib/tinyusb/src/portable/raspberrypi/rp2040/rp2040_usb.c.obj
 *fill*         0x0000000010007849        0x3 
 .rodata.str1.4
                0x000000001000784c        0x7 CMakeFiles/can_rx_pico.dir/home/kedar/Programs/pico/pico-sdk/lib/tinyusb/src/portable/raspberrypi/rp2040/rp2040_usb.c.obj
 *fill*         0x0000000010007853        0x1 
 .rodata.tud_task
                0x0000000010007854       0x8c CMakeFiles/can_rx_pico.dir/home/kedar/Programs/pico/pico-sdk/lib/tinyusb/src/device/usbd.c.obj
 .rodata._usbd_driver
                0x00000000100078e0       0x18 CMakeFiles/can_rx_pico.dir/home/kedar/Programs/pico/pico-sdk/lib/tinyusb/src/device/usbd.c.obj
 .rodata.pio_claim_unused_sm.str1.4
                0x00000000100078f8       0x24 CMakeFiles/can_rx_pico.dir/home/kedar/Programs/pico/pico-sdk/src/rp2_common/hardware_pio/pio.c.obj
 .rodata.pio_add_program.str1.4
                0x000000001000791c       0x11 CMakeFiles/can_rx_pico.dir/home/kedar/Programs/pico/pico-sdk/src/rp2_common/hardware_pio/pio.c.obj
 *fill*         0x000000001000792d        0x3 
 .rodata.dma_channel_claim.str1.4
                0x0000000010007930       0x22 CMakeFiles/can_rx_pico.dir/home/kedar/Programs/pico/pico-sdk/src/rp2_common/hardware_dma/dma.c.obj
 *fill*         0x0000000010007952        0x2 
 .rodata._global_impure_ptr
                0x0000000010007954        0x4 /usr/lib/gcc/arm-none-eabi/12.2.0/../../../../arm-none-eabi/lib/thumb/v6-m/nofp/libc.a(lib_a-impure.o)
                0x0000000010007954                _global_impure_ptr
                0x0000000010007958                . = ALIGN (0x4)
 *(SORT_BY_ALIGNMENT(SORT_BY_NAME(.flashdata*)))
                0x0000000010007958                . = ALIGN (0x4)

.rel.dyn        0x0000000010007958        0x0
 .rel.iplt      0x0000000010007958        0x0 /usr/lib/gcc/arm-none-eabi/12.2.0/thumb/v6-m/nofp/crtbegin.o

.ARM.extab
 *(.ARM.extab* .gnu.linkonce.armextab.*)
                0x0000000010007958                __exidx_start = .

.ARM.exidx
 *(.ARM.exidx* .gnu.linkonce.armexidx.*)
                0x0000000010007958                __exidx_end = .
                0x0000000010007958                . = ALIGN (0x4)
                0x0000000010007958                __binary_info_start = .

.binary_info    0x0000000010007958       0x20
 *(.binary_info.keep.*)
 .binary_info.keep.__bi_ptr81
                0x0000000010007958        0x4 CMakeFiles/can_rx_pico.dir/home/kedar/Programs/pico/pico-sdk/src/rp2_common/pico_standard_link/binary_info.c.obj
 .binary_info.keep.__bi_ptr75
                0x000000001000795c        0x4 CMakeFiles/can_rx_pico.dir/home/kedar/Programs/pico/pico-sdk/src/rp2_common/pico_standard_link/binary_info.c.obj
 .binary_info.keep.__bi_ptr50
                0x0000000010007960        0x4 CMakeFiles/can_rx_pico.dir/home/kedar/Programs/pico/pico-sdk/src/rp2_common/pico_standard_link/binary_info.c.obj
 .binary_info.keep.__bi_ptr44
                0x0000000010007964        0x4 CMakeFiles/can_rx_pico.dir/home/kedar/Programs/pico/pico-sdk/src/rp2_common/pico_standard_link/binary_info.c.obj
 .binary_info.keep.__bi_ptr38
                0x0000000010007968        0x4 CMakeFiles/can_rx_pico.dir/home/kedar/Programs/pico/pico-sdk/src/rp2_common/pico_standard_link/binary_info.c.obj
 .binary_info.keep.__bi_ptr30
                0x000000001000796c        0x4 CMakeFiles/can_rx_pico.dir/home/kedar/Programs/pico/pico-sdk/src/rp2_common/pico_standard_link/binary_info.c.obj
 .binary_info.keep.__bi_ptr22
                0x0000000010007970        0x4 CMakeFiles/can_rx_pico.dir/home/kedar/Programs/pico/pico-sdk/src/rp2_common/pico_standard_link/binary_info.c.obj
 *(.binary_info.*)
 .binary_info.__bi_ptr118
                0x0000000010007974        0x4 CMakeFiles/can_rx_pico.dir/home/kedar/Programs/pico/pico-sdk/src/rp2_common/pico_stdio_usb/stdio_usb.c.obj
                0x0000000010007978                __binary_info_end = .
                0x0000000010007978                . = ALIGN (0x4)
                0x0000000010007978                __etext = .

.ram_vector_table
                0x0000000020000000       0xc0
 *(.ram_vector_table)
 .ram_vector_table
                0x0000000020000000       0xc0 CMakeFiles/can_rx_pico.dir/home/kedar/Programs/pico/pico-sdk/src/rp2_common/pico_runtime/runtime.c.obj
                0x0000000020000000                ram_vector_table

.data           0x00000000200000c0      0x7e0 load address 0x0000000010007978
                0x00000000200000c0                __data_start__ = .
 *(vtable)
 *(.time_critical*)
 .time_critical.mutex_enter_blocking
                0x00000000200000c0       0x48 CMakeFiles/can_rx_pico.dir/home/kedar/Programs/pico/pico-sdk/src/common/pico_sync/mutex.c.obj
                0x00000000200000c0                mutex_enter_blocking
 .time_critical.mutex_try_enter
                0x0000000020000108       0x40 CMakeFiles/can_rx_pico.dir/home/kedar/Programs/pico/pico-sdk/src/common/pico_sync/mutex.c.obj
                0x0000000020000108                mutex_try_enter
 .time_critical.mutex_enter_timeout_ms
                0x0000000020000148       0xa0 CMakeFiles/can_rx_pico.dir/home/kedar/Programs/pico/pico-sdk/src/common/pico_sync/mutex.c.obj
                0x0000000020000148                mutex_enter_timeout_ms
 .time_critical.mutex_exit
                0x00000000200001e8       0x28 CMakeFiles/can_rx_pico.dir/home/kedar/Programs/pico/pico-sdk/src/common/pico_sync/mutex.c.obj
                0x00000000200001e8                mutex_exit
 .time_critical.flash_init_boot2_copyout
                0x0000000020000210       0x30 CMakeFiles/can_rx_pico.dir/home/kedar/Programs/pico/pico-sdk/src/rp2_common/hardware_flash/flash.c.obj
 .time_critical.flash_enable_xip_via_boot2
                0x0000000020000240        0xc CMakeFiles/can_rx_pico.dir/home/kedar/Programs/pico/pico-sdk/src/rp2_common/hardware_flash/flash.c.obj
 .time_critical.flash_cs_force
                0x000000002000024c       0x38 CMakeFiles/can_rx_pico.dir/home/kedar/Programs/pico/pico-sdk/src/rp2_common/hardware_flash/flash.c.obj
 .time_critical.flash_do_cmd
                0x0000000020000284       0xc0 CMakeFiles/can_rx_pico.dir/home/kedar/Programs/pico/pico-sdk/src/rp2_common/hardware_flash/flash.c.obj
                0x0000000020000284                flash_do_cmd
 *(.text*)
 .text          0x0000000020000344        0x4 /usr/lib/gcc/arm-none-eabi/12.2.0/thumb/v6-m/nofp/libgcc.a(_dvmd_tls.o)
                0x0000000020000344                __aeabi_ldiv0
                0x0000000020000344                __aeabi_idiv0
 .text.__stub   0x0000000020000348       0x30 linker stubs
                0x0000000020000378                . = ALIGN (0x4)
 *(.rodata*)
                0x0000000020000378                . = ALIGN (0x4)
 *(.data*)
 .data.striped_spin_lock_num
                0x0000000020000378        0x1 CMakeFiles/can_rx_pico.dir/home/kedar/Programs/pico/pico-sdk/src/rp2_common/hardware_sync/sync.c.obj
 *fill*         0x0000000020000379        0x3 
 .data          0x000000002000037c       0x48 CMakeFiles/can_rx_pico.dir/home/kedar/Programs/pico/pico-sdk/src/rp2_common/hardware_irq/irq_handler_chain.S.obj
                0x000000002000037c                irq_handler_chain_slots
                0x00000000200003ac                irq_handler_chain_first_slot
                0x00000000200003b6                irq_handler_chain_remove_tail
 .data.default_alarm_pool
                0x00000000200003c4       0x18 CMakeFiles/can_rx_pico.dir/home/kedar/Programs/pico/pico-sdk/src/common/pico_time/time.c.obj
 .data.default_alarm_pool_heap
                0x00000000200003dc       0x10 CMakeFiles/can_rx_pico.dir/home/kedar/Programs/pico/pico-sdk/src/common/pico_time/time.c.obj
 *fill*         0x00000000200003ec        0x4 
 .data.aeabi_bits_funcs
                0x00000000200003f0       0x10 CMakeFiles/can_rx_pico.dir/home/kedar/Programs/pico/pico-sdk/src/rp2_common/pico_bit_ops/bit_ops_aeabi.S.obj
                0x00000000200003f0                aeabi_bits_funcs
                0x0000000020000400                aeabi_bits_funcs_end
 .data.aeabi_mem_funcs
                0x0000000020000400       0x10 CMakeFiles/can_rx_pico.dir/home/kedar/Programs/pico/pico-sdk/src/rp2_common/pico_mem_ops/mem_ops_aeabi.S.obj
                0x0000000020000400                aeabi_mem_funcs
                0x0000000020000410                aeabi_mem_funcs_end
 .data.stdio_usb
                0x0000000020000410       0x14 CMakeFiles/can_rx_pico.dir/home/kedar/Programs/pico/pico-sdk/src/rp2_common/pico_stdio_usb/stdio_usb.c.obj
                0x0000000020000410                stdio_usb
 .data.ep_dir_string
                0x0000000020000424        0x8 CMakeFiles/can_rx_pico.dir/home/kedar/Programs/pico/pico-sdk/lib/tinyusb/src/portable/raspberrypi/rp2040/rp2040_usb.c.obj
                0x0000000020000424                ep_dir_string
 .data._usbd_qdef
                0x000000002000042c       0x24 CMakeFiles/can_rx_pico.dir/home/kedar/Programs/pico/pico-sdk/lib/tinyusb/src/device/usbd.c.obj
                0x000000002000042c                _usbd_qdef
 .data.impure_data
                0x0000000020000450      0x428 /usr/lib/gcc/arm-none-eabi/12.2.0/../../../../arm-none-eabi/lib/thumb/v6-m/nofp/libc.a(lib_a-impure.o)
 .data.__atexit_recursive_mutex
                0x0000000020000878        0x4 /usr/lib/gcc/arm-none-eabi/12.2.0/../../../../arm-none-eabi/lib/thumb/v6-m/nofp/libc.a(lib_a-__call_atexit.o)
                0x0000000020000878                __atexit_recursive_mutex
                0x000000002000087c                . = ALIGN (0x4)
 *(.after_data.*)
                0x000000002000087c                . = ALIGN (0x4)
                0x000000002000087c                PROVIDE (__mutex_array_start = .)
 *(SORT_BY_NAME(.mutex_array.*))
 *(.mutex_array)
 .mutex_array   0x000000002000087c        0x8 CMakeFiles/can_rx_pico.dir/home/kedar/Programs/pico/pico-sdk/src/rp2_common/pico_stdio/stdio.c.obj
                0x0000000020000884                PROVIDE (__mutex_array_end = .)
                0x0000000020000884                . = ALIGN (0x4)
                0x0000000020000884                PROVIDE (__preinit_array_start = .)
 *(SORT_BY_NAME(.preinit_array.*))
 .preinit_array.00001
                0x0000000020000884        0x4 CMakeFiles/can_rx_pico.dir/home/kedar/Programs/pico/pico-sdk/src/rp2_common/pico_mem_ops/mem_ops_aeabi.S.obj
 .preinit_array.00010
                0x0000000020000888        0x4 CMakeFiles/can_rx_pico.dir/home/kedar/Programs/pico/pico-sdk/src/rp2_common/pico_bit_ops/bit_ops_aeabi.S.obj
 .preinit_array.00020
                0x000000002000088c        0x4 CMakeFiles/can_rx_pico.dir/home/kedar/Programs/pico/pico-sdk/src/rp2_common/pico_double/double_aeabi.S.obj
 .preinit_array.00020
                0x0000000020000890        0x4 CMakeFiles/can_rx_pico.dir/home/kedar/Programs/pico/pico-sdk/src/rp2_common/pico_float/float_aeabi.S.obj
 *(.preinit_array)
                0x0000000020000894                PROVIDE (__preinit_array_end = .)
                0x0000000020000894                . = ALIGN (0x4)
                0x0000000020000894                PROVIDE (__init_array_start = .)
 *(SORT_BY_NAME(.init_array.*))
 .init_array.00000
                0x0000000020000894        0x4 /usr/lib/gcc/arm-none-eabi/12.2.0/../../../../arm-none-eabi/lib/thumb/v6-m/nofp/libc.a(lib_a-__call_atexit.o)
 *(.init_array)
 .init_array    0x0000000020000898        0x4 /usr/lib/gcc/arm-none-eabi/12.2.0/thumb/v6-m/nofp/crtbegin.o
 .init_array    0x000000002000089c        0x4 CMakeFiles/can_rx_pico.dir/home/kedar/Programs/pico/pico-sdk/src/rp2_common/pico_unique_id/unique_id.c.obj
                0x00000000200008a0                PROVIDE (__init_array_end = .)
                0x00000000200008a0                . = ALIGN (0x4)
                0x00000000200008a0                PROVIDE (__fini_array_start = .)
 *(SORT_BY_NAME(.fini_array.*))
 *(.fini_array)
                0x00000000200008a0                PROVIDE (__fini_array_end = .)
 *(.jcr)
                0x00000000200008a0                . = ALIGN (0x4)
                0x00000000200008a0                __data_end__ = .

.igot.plt       0x00000000200008a0        0x0 load address 0x0000000010008158
 .igot.plt      0x00000000200008a0        0x0 /usr/lib/gcc/arm-none-eabi/12.2.0/thumb/v6-m/nofp/crtbegin.o

.uninitialized_data
                0x00000000200008a0        0x0 load address 0x0000000010008158
                0x00000000200008a0                . = ALIGN (0x4)
 *(.uninitialized_data*)

.scratch_x      0x0000000020040000        0x0 load address 0x0000000010008158
                0x0000000020040000                __scratch_x_start__ = .
 *(.scratch_x.*)
                0x0000000020040000                . = ALIGN (0x4)
                0x0000000020040000                __scratch_x_end__ = .
                0x0000000010008158                __scratch_x_source__ = LOADADDR (.scratch_x)

.scratch_y      0x0000000020041000        0x0 load address 0x0000000010008158
                0x0000000020041000                __scratch_y_start__ = .
 *(.scratch_y.*)
                0x0000000020041000                . = ALIGN (0x4)
                0x0000000020041000                __scratch_y_end__ = .
                0x0000000010008158                __scratch_y_source__ = LOADADDR (.scratch_y)

.bss            0x00000000200008a0      0xd94
                0x00000000200008a0                . = ALIGN (0x4)
                0x00000000200008a0                __bss_start__ = .
 *(SORT_BY_ALIGNMENT(SORT_BY_NAME(.bss*)))
 .bss.configured_freq
                0x00000000200008a0       0x28 CMakeFiles/can_rx_pico.dir/home/kedar/Programs/pico/pico-sdk/src/rp2_common/hardware_clocks/clocks.c.obj
 .bss.default_alarm_pool_entries
                0x00000000200008c8      0x100 CMakeFiles/can_rx_pico.dir/home/kedar/Programs/pico/pico-sdk/src/common/pico_time/time.c.obj
 .bss.last_avail_time.1
                0x00000000200009c8        0x8 CMakeFiles/can_rx_pico.dir/home/kedar/Programs/pico/pico-sdk/src/rp2_common/pico_stdio_usb/stdio_usb.c.obj
 .bss.sd_table  0x00000000200009d0      0x100 CMakeFiles/can_rx_pico.dir/home/kedar/Programs/pico/pico-sdk/src/rp2_common/pico_double/double_init_rom.c.obj
                0x00000000200009d0                sd_table
 .bss.sf_table  0x0000000020000ad0      0x100 CMakeFiles/can_rx_pico.dir/home/kedar/Programs/pico/pico-sdk/src/rp2_common/pico_float/float_init_rom.c.obj
                0x0000000020000ad0                sf_table
 .bss.__lock___atexit_recursive_mutex
                0x0000000020000bd0        0x1 /usr/lib/gcc/arm-none-eabi/12.2.0/../../../../arm-none-eabi/lib/thumb/v6-m/nofp/libc.a(lib_a-lock.o)
                0x0000000020000bd0                __lock___atexit_recursive_mutex
 *fill*         0x0000000020000bd1        0x3 
 .bss._app_driver
                0x0000000020000bd4        0x4 CMakeFiles/can_rx_pico.dir/home/kedar/Programs/pico/pico-sdk/lib/tinyusb/src/device/usbd.c.obj
 .bss._cdcd_itf
                0x0000000020000bd8      0x2d8 CMakeFiles/can_rx_pico.dir/home/kedar/Programs/pico/pico-sdk/lib/tinyusb/src/class/cdc/cdc_device.c.obj
 .bss._ctrl_xfer
                0x0000000020000eb0       0x14 CMakeFiles/can_rx_pico.dir/home/kedar/Programs/pico/pico-sdk/lib/tinyusb/src/device/usbd_control.c.obj
 .bss._ubsd_mutexdef
                0x0000000020000ec4        0x8 CMakeFiles/can_rx_pico.dir/home/kedar/Programs/pico/pico-sdk/lib/tinyusb/src/device/usbd.c.obj
 .bss._usbd_ctrl_buf
                0x0000000020000ecc       0x40 CMakeFiles/can_rx_pico.dir/home/kedar/Programs/pico/pico-sdk/lib/tinyusb/src/device/usbd_control.c.obj
 .bss._usbd_dev
                0x0000000020000f0c       0x53 CMakeFiles/can_rx_pico.dir/home/kedar/Programs/pico/pico-sdk/lib/tinyusb/src/device/usbd.c.obj
 *fill*         0x0000000020000f5f        0x1 
 .bss._usbd_mutex
                0x0000000020000f60        0x4 CMakeFiles/can_rx_pico.dir/home/kedar/Programs/pico/pico-sdk/lib/tinyusb/src/device/usbd.c.obj
 .bss._usbd_q   0x0000000020000f64        0x4 CMakeFiles/can_rx_pico.dir/home/kedar/Programs/pico/pico-sdk/lib/tinyusb/src/device/usbd.c.obj
 .bss._usbd_qdef_buf
                0x0000000020000f68       0xc0 CMakeFiles/can_rx_pico.dir/home/kedar/Programs/pico/pico-sdk/lib/tinyusb/src/device/usbd.c.obj
                0x0000000020000f68                _usbd_qdef_buf
 .bss._used_instruction_space
                0x0000000020001028        0x8 CMakeFiles/can_rx_pico.dir/home/kedar/Programs/pico/pico-sdk/src/rp2_common/hardware_pio/pio.c.obj
 .bss.alarm_callbacks
                0x0000000020001030       0x10 CMakeFiles/can_rx_pico.dir/home/kedar/Programs/pico/pico-sdk/src/rp2_common/hardware_timer/timer.c.obj
 .bss.boot2_copyout
                0x0000000020001040      0x100 CMakeFiles/can_rx_pico.dir/home/kedar/Programs/pico/pico-sdk/src/rp2_common/hardware_flash/flash.c.obj
 .bss.claimed   0x0000000020001140        0x4 CMakeFiles/can_rx_pico.dir/home/kedar/Programs/pico/pico-sdk/src/rp2_common/hardware_sync/sync.c.obj
 .bss.default_alarm_pool_entry_ids_high
                0x0000000020001144       0x10 CMakeFiles/can_rx_pico.dir/home/kedar/Programs/pico/pico-sdk/src/common/pico_time/time.c.obj
 .bss.default_alarm_pool_heap_nodes
                0x0000000020001154       0x30 CMakeFiles/can_rx_pico.dir/home/kedar/Programs/pico/pico-sdk/src/common/pico_time/time.c.obj
 .bss.desc_str.0
                0x0000000020001184       0x28 CMakeFiles/can_rx_pico.dir/home/kedar/Programs/pico/pico-sdk/src/rp2_common/pico_stdio_usb/stdio_usb_descriptors.c.obj
 .bss.drivers   0x00000000200011ac        0x4 CMakeFiles/can_rx_pico.dir/home/kedar/Programs/pico/pico-sdk/src/rp2_common/pico_stdio/stdio.c.obj
 .bss.filter    0x00000000200011b0        0x4 CMakeFiles/can_rx_pico.dir/home/kedar/Programs/pico/pico-sdk/src/rp2_common/pico_stdio/stdio.c.obj
 .bss.hw_endpoints
                0x00000000200011b4      0x400 CMakeFiles/can_rx_pico.dir/home/kedar/Programs/pico/pico-sdk/lib/tinyusb/src/portable/raspberrypi/rp2040/dcd_rp2040.c.obj
 .bss.lazy_vsnprintf
                0x00000000200015b4        0x4 CMakeFiles/can_rx_pico.dir/home/kedar/Programs/pico/pico-sdk/src/rp2_common/pico_printf/printf.c.obj
 .bss.load_value
                0x00000000200015b8        0x4 CMakeFiles/can_rx_pico.dir/home/kedar/Programs/pico/pico-sdk/src/rp2_common/hardware_watchdog/watchdog.c.obj
 .bss.next_buffer_ptr
                0x00000000200015bc        0x4 CMakeFiles/can_rx_pico.dir/home/kedar/Programs/pico/pico-sdk/lib/tinyusb/src/portable/raspberrypi/rp2040/dcd_rp2040.c.obj
 .bss.object.0  0x00000000200015c0       0x18 /usr/lib/gcc/arm-none-eabi/12.2.0/thumb/v6-m/nofp/crtbegin.o
 .bss.pools     0x00000000200015d8       0x10 CMakeFiles/can_rx_pico.dir/home/kedar/Programs/pico/pico-sdk/src/common/pico_time/time.c.obj
 .bss.retrieved_id
                0x00000000200015e8        0x8 CMakeFiles/can_rx_pico.dir/home/kedar/Programs/pico/pico-sdk/src/rp2_common/pico_unique_id/unique_id.c.obj
 .bss.sf_clz_func
                0x00000000200015f0        0x4 CMakeFiles/can_rx_pico.dir/home/kedar/Programs/pico/pico-sdk/src/rp2_common/pico_double/double_init_rom.c.obj
                0x00000000200015f0                sf_clz_func
 .bss.sleep_notifier
                0x00000000200015f4        0x4 CMakeFiles/can_rx_pico.dir/home/kedar/Programs/pico/pico-sdk/src/common/pico_time/time.c.obj
 .bss.stdio_usb_mutex
                0x00000000200015f8        0x8 CMakeFiles/can_rx_pico.dir/home/kedar/Programs/pico/pico-sdk/src/rp2_common/pico_stdio_usb/stdio_usb.c.obj
 .bss.target_hi
                0x0000000020001600       0x10 CMakeFiles/can_rx_pico.dir/home/kedar/Programs/pico/pico-sdk/src/rp2_common/hardware_timer/timer.c.obj
 .bss.usbd_serial_str
                0x0000000020001610       0x11 CMakeFiles/can_rx_pico.dir/home/kedar/Programs/pico/pico-sdk/src/rp2_common/pico_stdio_usb/stdio_usb_descriptors.c.obj
 *fill*         0x0000000020001621        0x3 
 .bss.user_irq_claimed
                0x0000000020001624        0x2 CMakeFiles/can_rx_pico.dir/home/kedar/Programs/pico/pico-sdk/src/rp2_common/hardware_irq/irq.c.obj
 .bss._claimed  0x0000000020001626        0x2 CMakeFiles/can_rx_pico.dir/home/kedar/Programs/pico/pico-sdk/src/rp2_common/hardware_dma/dma.c.obj
 .bss._app_driver_count
                0x0000000020001628        0x1 CMakeFiles/can_rx_pico.dir/home/kedar/Programs/pico/pico-sdk/lib/tinyusb/src/device/usbd.c.obj
 .bss._usbd_initialized
                0x0000000020001629        0x1 CMakeFiles/can_rx_pico.dir/home/kedar/Programs/pico/pico-sdk/lib/tinyusb/src/device/usbd.c.obj
 .bss.boot2_copyout_valid
                0x000000002000162a        0x1 CMakeFiles/can_rx_pico.dir/home/kedar/Programs/pico/pico-sdk/src/rp2_common/hardware_flash/flash.c.obj
 .bss.claimed   0x000000002000162b        0x1 CMakeFiles/can_rx_pico.dir/home/kedar/Programs/pico/pico-sdk/src/rp2_common/hardware_timer/timer.c.obj
 .bss.claimed   0x000000002000162c        0x1 CMakeFiles/can_rx_pico.dir/home/kedar/Programs/pico/pico-sdk/src/rp2_common/hardware_pio/pio.c.obj
 .bss.irq_hander_chain_free_slot_head
                0x000000002000162d        0x1 CMakeFiles/can_rx_pico.dir/home/kedar/Programs/pico/pico-sdk/src/rp2_common/hardware_irq/irq.c.obj
 .bss.itf_num   0x000000002000162e        0x1 CMakeFiles/can_rx_pico.dir/home/kedar/Programs/pico/pico-sdk/src/rp2_common/pico_stdio_usb/reset_interface.c.obj
 .bss.low_priority_irq_num
                0x000000002000162f        0x1 CMakeFiles/can_rx_pico.dir/home/kedar/Programs/pico/pico-sdk/src/rp2_common/pico_stdio_usb/stdio_usb.c.obj
 .bss.timer_callbacks_pending
                0x0000000020001630        0x1 CMakeFiles/can_rx_pico.dir/home/kedar/Programs/pico/pico-sdk/src/rp2_common/hardware_timer/timer.c.obj
 *(COMMON)
                0x0000000020001634                . = ALIGN (0x4)
 *fill*         0x0000000020001631        0x3 
                0x0000000020001634                __bss_end__ = .

.heap           0x0000000020001634      0x800
                0x0000000020001634                __end__ = .
                0x0000000020001634                end = __end__
 *(.heap*)
 .heap          0x0000000020001634      0x800 CMakeFiles/can_rx_pico.dir/home/kedar/Programs/pico/pico-sdk/src/rp2_common/pico_standard_link/crt0.S.obj
                0x0000000020001e34                __HeapLimit = .

.stack1_dummy
 *(.stack1*)

.stack_dummy    0x0000000020041000      0x800
 *(.stack*)
 .stack         0x0000000020041000      0x800 CMakeFiles/can_rx_pico.dir/home/kedar/Programs/pico/pico-sdk/src/rp2_common/pico_standard_link/crt0.S.obj

.flash_end      0x0000000010008158        0x0
                0x0000000010008158                __flash_binary_end = .
                0x0000000020040000                __StackLimit = (ORIGIN (RAM) + LENGTH (RAM))
                0x0000000020041000                __StackOneTop = (ORIGIN (SCRATCH_X) + LENGTH (SCRATCH_X))
                0x0000000020042000                __StackTop = (ORIGIN (SCRATCH_Y) + LENGTH (SCRATCH_Y))
                0x0000000020041000                __StackOneBottom = (__StackOneTop - SIZEOF (.stack1_dummy))
                0x0000000020041800                __StackBottom = (__StackTop - SIZEOF (.stack_dummy))
                0x0000000020042000                PROVIDE (__stack = __StackTop)
                0x0000000000000001                ASSERT ((__StackLimit >= __HeapLimit), region RAM overflowed)
                0x0000000000000001                ASSERT (((__binary_info_header_end - __logical_binary_start) <= 0x100), Binary info must be in first 256 bytes of the binary)
LOAD CMakeFiles/can_rx_pico.dir/can_rx.c.obj
LOAD CMakeFiles/can_rx_pico.dir/home/kedar/Programs/pico/pico-sdk/src/rp2_common/pico_stdlib/stdlib.c.obj
LOAD CMakeFiles/can_rx_pico.dir/home/kedar/Programs/pico/pico-sdk/src/rp2_common/hardware_gpio/gpio.c.obj
LOAD CMakeFiles/can_rx_pico.dir/home/kedar/Programs/pico/pico-sdk/src/rp2_common/hardware_claim/claim.c.obj
LOAD CMakeFiles/can_rx_pico.dir/home/kedar/Programs/pico/pico-sdk/src/rp2_common/pico_platform/platform.c.obj
LOAD CMakeFiles/can_rx_pico.dir/home/kedar/Programs/pico/pico-sdk/src/rp2_common/hardware_sync/sync.c.obj
LOAD CMakeFiles/can_rx_pico.dir/home/kedar/Programs/pico/pico-sdk/src/rp2_common/hardware_irq/irq.c.obj
LOAD CMakeFiles/can_rx_pico.dir/home/kedar/Programs/pico/pico-sdk/src/rp2_common/hardware_irq/irq_handler_chain.S.obj
LOAD CMakeFiles/can_rx_pico.dir/home/kedar/Programs/pico/pico-sdk/src/common/pico_sync/sem.c.obj
LOAD CMakeFiles/can_rx_pico.dir/home/kedar/Programs/pico/pico-sdk/src/common/pico_sync/lock_core.c.obj
LOAD CMakeFiles/can_rx_pico.dir/home/kedar/Programs/pico/pico-sdk/src/common/pico_time/time.c.obj
LOAD CMakeFiles/can_rx_pico.dir/home/kedar/Programs/pico/pico-sdk/src/common/pico_time/timeout_helper.c.obj
LOAD CMakeFiles/can_rx_pico.dir/home/kedar/Programs/pico/pico-sdk/src/rp2_common/hardware_timer/timer.c.obj
LOAD CMakeFiles/can_rx_pico.dir/home/kedar/Programs/pico/pico-sdk/src/common/pico_util/datetime.c.obj
LOAD CMakeFiles/can_rx_pico.dir/home/kedar/Programs/pico/pico-sdk/src/common/pico_util/pheap.c.obj
LOAD CMakeFiles/can_rx_pico.dir/home/kedar/Programs/pico/pico-sdk/src/common/pico_util/queue.c.obj
LOAD CMakeFiles/can_rx_pico.dir/home/kedar/Programs/pico/pico-sdk/src/common/pico_sync/mutex.c.obj
LOAD CMakeFiles/can_rx_pico.dir/home/kedar/Programs/pico/pico-sdk/src/common/pico_sync/critical_section.c.obj
LOAD CMakeFiles/can_rx_pico.dir/home/kedar/Programs/pico/pico-sdk/src/rp2_common/hardware_uart/uart.c.obj
LOAD CMakeFiles/can_rx_pico.dir/home/kedar/Programs/pico/pico-sdk/src/rp2_common/hardware_divider/divider.S.obj
LOAD CMakeFiles/can_rx_pico.dir/home/kedar/Programs/pico/pico-sdk/src/rp2_common/pico_runtime/runtime.c.obj
LOAD CMakeFiles/can_rx_pico.dir/home/kedar/Programs/pico/pico-sdk/src/rp2_common/hardware_clocks/clocks.c.obj
LOAD CMakeFiles/can_rx_pico.dir/home/kedar/Programs/pico/pico-sdk/src/rp2_common/hardware_pll/pll.c.obj
LOAD CMakeFiles/can_rx_pico.dir/home/kedar/Programs/pico/pico-sdk/src/rp2_common/hardware_vreg/vreg.c.obj
LOAD CMakeFiles/can_rx_pico.dir/home/kedar/Programs/pico/pico-sdk/src/rp2_common/hardware_watchdog/watchdog.c.obj
LOAD CMakeFiles/can_rx_pico.dir/home/kedar/Programs/pico/pico-sdk/src/rp2_common/hardware_xosc/xosc.c.obj
LOAD CMakeFiles/can_rx_pico.dir/home/kedar/Programs/pico/pico-sdk/src/rp2_common/pico_printf/printf.c.obj
LOAD CMakeFiles/can_rx_pico.dir/home/kedar/Programs/pico/pico-sdk/src/rp2_common/pico_bit_ops/bit_ops_aeabi.S.obj
LOAD CMakeFiles/can_rx_pico.dir/home/kedar/Programs/pico/pico-sdk/src/rp2_common/pico_bootrom/bootrom.c.obj
LOAD CMakeFiles/can_rx_pico.dir/home/kedar/Programs/pico/pico-sdk/src/rp2_common/pico_divider/divider.S.obj
LOAD CMakeFiles/can_rx_pico.dir/home/kedar/Programs/pico/pico-sdk/src/rp2_common/pico_double/double_aeabi.S.obj
LOAD CMakeFiles/can_rx_pico.dir/home/kedar/Programs/pico/pico-sdk/src/rp2_common/pico_double/double_init_rom.c.obj
LOAD CMakeFiles/can_rx_pico.dir/home/kedar/Programs/pico/pico-sdk/src/rp2_common/pico_double/double_math.c.obj
LOAD CMakeFiles/can_rx_pico.dir/home/kedar/Programs/pico/pico-sdk/src/rp2_common/pico_double/double_v1_rom_shim.S.obj
LOAD CMakeFiles/can_rx_pico.dir/home/kedar/Programs/pico/pico-sdk/src/rp2_common/pico_int64_ops/pico_int64_ops_aeabi.S.obj
LOAD CMakeFiles/can_rx_pico.dir/home/kedar/Programs/pico/pico-sdk/src/rp2_common/pico_float/float_aeabi.S.obj
LOAD CMakeFiles/can_rx_pico.dir/home/kedar/Programs/pico/pico-sdk/src/rp2_common/pico_float/float_init_rom.c.obj
LOAD CMakeFiles/can_rx_pico.dir/home/kedar/Programs/pico/pico-sdk/src/rp2_common/pico_float/float_math.c.obj
LOAD CMakeFiles/can_rx_pico.dir/home/kedar/Programs/pico/pico-sdk/src/rp2_common/pico_float/float_v1_rom_shim.S.obj
LOAD CMakeFiles/can_rx_pico.dir/home/kedar/Programs/pico/pico-sdk/src/rp2_common/pico_malloc/pico_malloc.c.obj
LOAD CMakeFiles/can_rx_pico.dir/home/kedar/Programs/pico/pico-sdk/src/rp2_common/pico_mem_ops/mem_ops_aeabi.S.obj
LOAD CMakeFiles/can_rx_pico.dir/home/kedar/Programs/pico/pico-sdk/src/rp2_common/pico_standard_link/crt0.S.obj
LOAD CMakeFiles/can_rx_pico.dir/home/kedar/Programs/pico/pico-sdk/src/rp2_common/pico_standard_link/new_delete.cpp.obj
LOAD CMakeFiles/can_rx_pico.dir/home/kedar/Programs/pico/pico-sdk/src/rp2_common/pico_standard_link/binary_info.c.obj
LOAD CMakeFiles/can_rx_pico.dir/home/kedar/Programs/pico/pico-sdk/src/rp2_common/pico_stdio/stdio.c.obj
LOAD CMakeFiles/can_rx_pico.dir/home/kedar/Programs/pico/pico-sdk/src/rp2_common/pico_stdio_usb/reset_interface.c.obj
LOAD CMakeFiles/can_rx_pico.dir/home/kedar/Programs/pico/pico-sdk/src/rp2_common/pico_stdio_usb/stdio_usb.c.obj
LOAD CMakeFiles/can_rx_pico.dir/home/kedar/Programs/pico/pico-sdk/src/rp2_common/pico_stdio_usb/stdio_usb_descriptors.c.obj
LOAD CMakeFiles/can_rx_pico.dir/home/kedar/Programs/pico/pico-sdk/lib/tinyusb/src/portable/raspberrypi/rp2040/dcd_rp2040.c.obj
LOAD CMakeFiles/can_rx_pico.dir/home/kedar/Programs/pico/pico-sdk/lib/tinyusb/src/portable/raspberrypi/rp2040/rp2040_usb.c.obj
LOAD CMakeFiles/can_rx_pico.dir/home/kedar/Programs/pico/pico-sdk/lib/tinyusb/src/device/usbd.c.obj
LOAD CMakeFiles/can_rx_pico.dir/home/kedar/Programs/pico/pico-sdk/lib/tinyusb/src/device/usbd_control.c.obj
LOAD CMakeFiles/can_rx_pico.dir/home/kedar/Programs/pico/pico-sdk/lib/tinyusb/src/class/audio/audio_device.c.obj
LOAD CMakeFiles/can_rx_pico.dir/home/kedar/Programs/pico/pico-sdk/lib/tinyusb/src/class/cdc/cdc_device.c.obj
LOAD CMakeFiles/can_rx_pico.dir/home/kedar/Programs/pico/pico-sdk/lib/tinyusb/src/class/dfu/dfu_device.c.obj
LOAD CMakeFiles/can_rx_pico.dir/home/kedar/Programs/pico/pico-sdk/lib/tinyusb/src/class/dfu/dfu_rt_device.c.obj
LOAD CMakeFiles/can_rx_pico.dir/home/kedar/Programs/pico/pico-sdk/lib/tinyusb/src/class/hid/hid_device.c.obj
LOAD CMakeFiles/can_rx_pico.dir/home/kedar/Programs/pico/pico-sdk/lib/tinyusb/src/class/midi/midi_device.c.obj
LOAD CMakeFiles/can_rx_pico.dir/home/kedar/Programs/pico/pico-sdk/lib/tinyusb/src/class/msc/msc_device.c.obj
LOAD CMakeFiles/can_rx_pico.dir/home/kedar/Programs/pico/pico-sdk/lib/tinyusb/src/class/net/ecm_rndis_device.c.obj
LOAD CMakeFiles/can_rx_pico.dir/home/kedar/Programs/pico/pico-sdk/lib/tinyusb/src/class/net/ncm_device.c.obj
LOAD CMakeFiles/can_rx_pico.dir/home/kedar/Programs/pico/pico-sdk/lib/tinyusb/src/class/usbtmc/usbtmc_device.c.obj
LOAD CMakeFiles/can_rx_pico.dir/home/kedar/Programs/pico/pico-sdk/lib/tinyusb/src/class/vendor/vendor_device.c.obj
LOAD CMakeFiles/can_rx_pico.dir/home/kedar/Programs/pico/pico-sdk/lib/tinyusb/src/class/video/video_device.c.obj
LOAD CMakeFiles/can_rx_pico.dir/home/kedar/Programs/pico/pico-sdk/lib/tinyusb/src/tusb.c.obj
LOAD CMakeFiles/can_rx_pico.dir/home/kedar/Programs/pico/pico-sdk/lib/tinyusb/src/common/tusb_fifo.c.obj
LOAD CMakeFiles/can_rx_pico.dir/home/kedar/Programs/pico/pico-sdk/src/rp2_common/pico_fix/rp2040_usb_device_enumeration/rp2040_usb_device_enumeration.c.obj
LOAD CMakeFiles/can_rx_pico.dir/home/kedar/Programs/pico/pico-sdk/src/rp2_common/pico_unique_id/unique_id.c.obj
LOAD CMakeFiles/can_rx_pico.dir/home/kedar/Programs/pico/pico-sdk/src/rp2_common/hardware_flash/flash.c.obj
LOAD CMakeFiles/can_rx_pico.dir/home/kedar/Programs/pico/pico-sdk/src/rp2_common/hardware_pio/pio.c.obj
LOAD CMakeFiles/can_rx_pico.dir/home/kedar/Programs/pico/pico-sdk/src/rp2_common/hardware_dma/dma.c.obj
LOAD /tmp/ccbHfy9i.o
LOAD /usr/lib/gcc/arm-none-eabi/12.2.0/../../../../arm-none-eabi/lib/thumb/v6-m/nofp/libstdc++.a
LOAD /usr/lib/gcc/arm-none-eabi/12.2.0/../../../../arm-none-eabi/lib/thumb/v6-m/nofp/libm.a
START GROUP
LOAD /usr/lib/gcc/arm-none-eabi/12.2.0/thumb/v6-m/nofp/libgcc.a
LOAD /usr/lib/gcc/arm-none-eabi/12.2.0/../../../../arm-none-eabi/lib/thumb/v6-m/nofp/libc.a
END GROUP
START GROUP
LOAD /usr/lib/gcc/arm-none-eabi/12.2.0/thumb/v6-m/nofp/libgcc.a
LOAD /usr/lib/gcc/arm-none-eabi/12.2.0/../../../../arm-none-eabi/lib/thumb/v6-m/nofp/libc.a
LOAD /usr/lib/gcc/arm-none-eabi/12.2.0/../../../../arm-none-eabi/lib/thumb/v6-m/nofp/libnosys.a
END GROUP
LOAD /usr/lib/gcc/arm-none-eabi/12.2.0/thumb/v6-m/nofp/crtend.o
LOAD /usr/lib/gcc/arm-none-eabi/12.2.0/thumb/v6-m/nofp/crtn.o
OUTPUT(can_rx_pico.elf elf32-littlearm)
LOAD linker stubs

.ARM.attributes
                0x0000000000000000       0x28
 .ARM.attributes
                0x0000000000000000       0x1e /usr/lib/gcc/arm-none-eabi/12.2.0/thumb/v6-m/nofp/crti.o
 .ARM.attributes
                0x000000000000001e       0x2c /usr/lib/gcc/arm-none-eabi/12.2.0/thumb/v6-m/nofp/crtbegin.o
 .ARM.attributes
                0x000000000000004a       0x2c CMakeFiles/can_rx_pico.dir/can_rx.c.obj
 .ARM.attributes
                0x0000000000000076       0x2c CMakeFiles/can_rx_pico.dir/home/kedar/Programs/pico/pico-sdk/src/rp2_common/hardware_gpio/gpio.c.obj
 .ARM.attributes
                0x00000000000000a2       0x2c CMakeFiles/can_rx_pico.dir/home/kedar/Programs/pico/pico-sdk/src/rp2_common/hardware_claim/claim.c.obj
 .ARM.attributes
                0x00000000000000ce       0x2c CMakeFiles/can_rx_pico.dir/home/kedar/Programs/pico/pico-sdk/src/rp2_common/pico_platform/platform.c.obj
 .ARM.attributes
                0x00000000000000fa       0x2c CMakeFiles/can_rx_pico.dir/home/kedar/Programs/pico/pico-sdk/src/rp2_common/hardware_sync/sync.c.obj
 .ARM.attributes
                0x0000000000000126       0x2c CMakeFiles/can_rx_pico.dir/home/kedar/Programs/pico/pico-sdk/src/rp2_common/hardware_irq/irq.c.obj
 .ARM.attributes
                0x0000000000000152       0x22 CMakeFiles/can_rx_pico.dir/home/kedar/Programs/pico/pico-sdk/src/rp2_common/hardware_irq/irq_handler_chain.S.obj
 .ARM.attributes
                0x0000000000000174       0x2c CMakeFiles/can_rx_pico.dir/home/kedar/Programs/pico/pico-sdk/src/common/pico_sync/lock_core.c.obj
 .ARM.attributes
                0x00000000000001a0       0x2c CMakeFiles/can_rx_pico.dir/home/kedar/Programs/pico/pico-sdk/src/common/pico_time/time.c.obj
 .ARM.attributes
                0x00000000000001cc       0x2c CMakeFiles/can_rx_pico.dir/home/kedar/Programs/pico/pico-sdk/src/rp2_common/hardware_timer/timer.c.obj
 .ARM.attributes
                0x00000000000001f8       0x2c CMakeFiles/can_rx_pico.dir/home/kedar/Programs/pico/pico-sdk/src/common/pico_util/pheap.c.obj
 .ARM.attributes
                0x0000000000000224       0x2c CMakeFiles/can_rx_pico.dir/home/kedar/Programs/pico/pico-sdk/src/common/pico_sync/mutex.c.obj
 .ARM.attributes
                0x0000000000000250       0x2c CMakeFiles/can_rx_pico.dir/home/kedar/Programs/pico/pico-sdk/src/common/pico_sync/critical_section.c.obj
 .ARM.attributes
                0x000000000000027c       0x2c CMakeFiles/can_rx_pico.dir/home/kedar/Programs/pico/pico-sdk/src/rp2_common/pico_runtime/runtime.c.obj
 .ARM.attributes
                0x00000000000002a8       0x2c CMakeFiles/can_rx_pico.dir/home/kedar/Programs/pico/pico-sdk/src/rp2_common/hardware_clocks/clocks.c.obj
 .ARM.attributes
                0x00000000000002d4       0x2c CMakeFiles/can_rx_pico.dir/home/kedar/Programs/pico/pico-sdk/src/rp2_common/hardware_pll/pll.c.obj
 .ARM.attributes
                0x0000000000000300       0x2c CMakeFiles/can_rx_pico.dir/home/kedar/Programs/pico/pico-sdk/src/rp2_common/hardware_watchdog/watchdog.c.obj
 .ARM.attributes
                0x000000000000032c       0x2c CMakeFiles/can_rx_pico.dir/home/kedar/Programs/pico/pico-sdk/src/rp2_common/hardware_xosc/xosc.c.obj
 .ARM.attributes